Jan 28 14:09:45 syslogd started: BusyBox v1.30.1
Jan 28 14:09:45 kernel: klogd started: BusyBox v1.30.1 (Debian 1:1.30.1-6+b3)
Jan 28 14:09:45 kernel: [    0.000000] Linux version 5.10.0-22-amd64 (debian-kernel@lists.debian.org) (gcc-10 (Debian 10.2.1-6) 10.2.1 20210110, GNU ld (GNU Binutils for Debian) 2.35.2) #1 SMP Debian 5.10.178-3 (2023-04-22)
Jan 28 14:09:45 kernel: [    0.000000] Command line: BOOT_IMAGE=/install/vmlinuz vga=normal quiet file=/cdrom/install/preseed.cfg file=/cdrom/install/preseed.cfg file=/cdrom/install/preseed.cfg
Jan 28 14:09:45 kernel: [    0.000000] x86/fpu: Supporting XSAVE feature 0x001: 'x87 floating point registers'
Jan 28 14:09:45 kernel: [    0.000000] x86/fpu: Supporting XSAVE feature 0x002: 'SSE registers'
Jan 28 14:09:45 kernel: [    0.000000] x86/fpu: Supporting XSAVE feature 0x004: 'AVX registers'
Jan 28 14:09:45 kernel: [    0.000000] x86/fpu: Supporting XSAVE feature 0x008: 'MPX bounds registers'
Jan 28 14:09:45 kernel: [    0.000000] x86/fpu: Supporting XSAVE feature 0x010: 'MPX CSR'
Jan 28 14:09:45 kernel: [    0.000000] x86/fpu: xstate_offset[2]:  576, xstate_sizes[2]:  256
Jan 28 14:09:45 kernel: [    0.000000] x86/fpu: xstate_offset[3]:  832, xstate_sizes[3]:   64
Jan 28 14:09:45 kernel: [    0.000000] x86/fpu: xstate_offset[4]:  896, xstate_sizes[4]:   64
Jan 28 14:09:45 kernel: [    0.000000] x86/fpu: Enabled xstate features 0x1f, context size is 960 bytes, using 'compacted' format.
Jan 28 14:09:45 kernel: [    0.000000] BIOS-provided physical RAM map:
Jan 28 14:09:45 kernel: [    0.000000] BIOS-e820: [mem 0x0000000000000000-0x0000000000057fff] usable
Jan 28 14:09:45 kernel: [    0.000000] BIOS-e820: [mem 0x0000000000058000-0x0000000000058fff] reserved
Jan 28 14:09:45 kernel: [    0.000000] BIOS-e820: [mem 0x0000000000059000-0x000000000009dfff] usable
Jan 28 14:09:45 kernel: [    0.000000] BIOS-e820: [mem 0x000000000009e000-0x00000000000fffff] reserved
Jan 28 14:09:45 kernel: [    0.000000] BIOS-e820: [mem 0x0000000000100000-0x00000000783eafff] usable
Jan 28 14:09:45 kernel: [    0.000000] BIOS-e820: [mem 0x00000000783eb000-0x00000000783ebfff] ACPI NVS
Jan 28 14:09:45 kernel: [    0.000000] BIOS-e820: [mem 0x00000000783ec000-0x00000000783ecfff] reserved
Jan 28 14:09:45 kernel: [    0.000000] BIOS-e820: [mem 0x00000000783ed000-0x000000007e33afff] usable
Jan 28 14:09:45 kernel: [    0.000000] BIOS-e820: [mem 0x000000007e33b000-0x000000007e697fff] reserved
Jan 28 14:09:45 kernel: [    0.000000] BIOS-e820: [mem 0x000000007e698000-0x000000007eb2cfff] usable
Jan 28 14:09:45 kernel: [    0.000000] BIOS-e820: [mem 0x000000007eb2d000-0x000000007ee98fff] ACPI NVS
Jan 28 14:09:45 kernel: [    0.000000] BIOS-e820: [mem 0x000000007ee99000-0x000000007f3a2fff] reserved
Jan 28 14:09:45 kernel: [    0.000000] BIOS-e820: [mem 0x000000007f3a3000-0x000000007f3fefff] type 20
Jan 28 14:09:45 kernel: [    0.000000] BIOS-e820: [mem 0x000000007f3ff000-0x000000007f3fffff] usable
Jan 28 14:09:45 kernel: [    0.000000] BIOS-e820: [mem 0x000000007f400000-0x000000008fffffff] reserved
Jan 28 14:09:45 kernel: [    0.000000] BIOS-e820: [mem 0x00000000e0000000-0x00000000efffffff] reserved
Jan 28 14:09:45 kernel: [    0.000000] BIOS-e820: [mem 0x00000000fe000000-0x00000000fe010fff] reserved
Jan 28 14:09:45 kernel: [    0.000000] BIOS-e820: [mem 0x00000000fec00000-0x00000000fec00fff] reserved
Jan 28 14:09:45 kernel: [    0.000000] BIOS-e820: [mem 0x00000000fed00000-0x00000000fed00fff] reserved
Jan 28 14:09:45 kernel: [    0.000000] BIOS-e820: [mem 0x00000000fee00000-0x00000000fee00fff] reserved
Jan 28 14:09:45 kernel: [    0.000000] BIOS-e820: [mem 0x00000000ff000000-0x00000000ffffffff] reserved
Jan 28 14:09:45 kernel: [    0.000000] BIOS-e820: [mem 0x0000000100000000-0x000000046effffff] usable
Jan 28 14:09:45 kernel: [    0.000000] NX (Execute Disable) protection: active
Jan 28 14:09:45 kernel: [    0.000000] efi: EFI v2.50 by American Megatrends
Jan 28 14:09:45 kernel: [    0.000000] efi: ACPI=0x7ee2d000 ACPI 2.0=0x7ee2d000 SMBIOS=0x7f313000 SMBIOS 3.0=0x7f312000 ESRT=0x7c48d518 MOKvar=0x7ef99000 
Jan 28 14:09:45 kernel: [    0.000000] secureboot: Secure boot disabled
Jan 28 14:09:45 kernel: [    0.000000] SMBIOS 3.0.0 present.
Jan 28 14:09:45 kernel: [    0.000000] DMI: To Be Filled By O.E.M. To Be Filled By O.E.M./B250 Gaming K4, BIOS P2.20 02/23/2018
Jan 28 14:09:45 kernel: [    0.000000] tsc: Detected 3400.000 MHz processor
Jan 28 14:09:45 kernel: [    0.000000] tsc: Detected 3399.906 MHz TSC
Jan 28 14:09:45 kernel: [    0.001163] e820: update [mem 0x00000000-0x00000fff] usable ==> reserved
Jan 28 14:09:45 kernel: [    0.001165] e820: remove [mem 0x000a0000-0x000fffff] usable
Jan 28 14:09:45 kernel: [    0.001173] last_pfn = 0x46f000 max_arch_pfn = 0x400000000
Jan 28 14:09:45 kernel: [    0.001177] MTRR default type: write-back
Jan 28 14:09:45 kernel: [    0.001177] MTRR fixed ranges enabled:
Jan 28 14:09:45 kernel: [    0.001178]   00000-9FFFF write-back
Jan 28 14:09:45 kernel: [    0.001179]   A0000-BFFFF uncachable
Jan 28 14:09:45 kernel: [    0.001180]   C0000-FFFFF write-protect
Jan 28 14:09:45 kernel: [    0.001180] MTRR variable ranges enabled:
Jan 28 14:09:45 kernel: [    0.001182]   0 base 0080000000 mask 7F80000000 uncachable
Jan 28 14:09:45 kernel: [    0.001182]   1 base 007F800000 mask 7FFF800000 uncachable
Jan 28 14:09:45 kernel: [    0.001183]   2 disabled
Jan 28 14:09:45 kernel: [    0.001183]   3 disabled
Jan 28 14:09:45 kernel: [    0.001184]   4 disabled
Jan 28 14:09:45 kernel: [    0.001184]   5 disabled
Jan 28 14:09:45 kernel: [    0.001185]   6 disabled
Jan 28 14:09:45 kernel: [    0.001185]   7 disabled
Jan 28 14:09:45 kernel: [    0.001186]   8 disabled
Jan 28 14:09:45 kernel: [    0.001186]   9 disabled
Jan 28 14:09:45 kernel: [    0.001621] x86/PAT: Configuration [0-7]: WB  WC  UC- UC  WB  WP  UC- WT  
Jan 28 14:09:45 kernel: [    0.001941] last_pfn = 0x7f400 max_arch_pfn = 0x400000000
Jan 28 14:09:45 kernel: [    0.008784] esrt: Reserving ESRT space from 0x000000007c48d518 to 0x000000007c48d550.
Jan 28 14:09:45 kernel: [    0.008787] e820: update [mem 0x7c48d000-0x7c48dfff] usable ==> reserved
Jan 28 14:09:45 kernel: [    0.008803] Using GB pages for direct mapping
Jan 28 14:09:45 kernel: [    0.009016] RAMDISK: [mem 0x35ddf000-0x36ee6fff]
Jan 28 14:09:45 kernel: [    0.009018] ACPI: Early table checksum verification disabled
Jan 28 14:09:45 kernel: [    0.009021] ACPI: RSDP 0x000000007EE2D000 000024 (v02 ALASKA)
Jan 28 14:09:45 kernel: [    0.009023] ACPI: XSDT 0x000000007EE2D0A0 0000C4 (v01 ALASKA A M I    01072009 AMI  00010013)
Jan 28 14:09:45 kernel: [    0.009028] ACPI: FACP 0x000000007EE50CA8 000114 (v06 ALASKA A M I    01072009 AMI  00010013)
Jan 28 14:09:45 kernel: [    0.009032] ACPI: DSDT 0x000000007EE2D200 023AA8 (v02 ALASKA A M I    01072009 INTL 20160422)
Jan 28 14:09:45 kernel: [    0.009034] ACPI: FACS 0x000000007EE98C40 000040
Jan 28 14:09:45 kernel: [    0.009036] ACPI: APIC 0x000000007EE50DC0 0000BC (v03 ALASKA A M I    01072009 AMI  00010013)
Jan 28 14:09:45 kernel: [    0.009039] ACPI: FPDT 0x000000007EE50E80 000044 (v01 ALASKA A M I    01072009 AMI  00010013)
Jan 28 14:09:45 kernel: [    0.009041] ACPI: MCFG 0x000000007EE50EC8 00003C (v01 ALASKA A M I    01072009 MSFT 00000097)
Jan 28 14:09:45 kernel: [    0.009043] ACPI: SSDT 0x000000007EE50F08 000377 (v01 SataRe SataTabl 00001000 INTL 20160422)
Jan 28 14:09:45 kernel: [    0.009046] ACPI: FIDT 0x000000007EE51280 00009C (v01 ALASKA A M I    01072009 AMI  00010013)
Jan 28 14:09:45 kernel: [    0.009048] ACPI: SSDT 0x000000007EE51320 003154 (v02 SaSsdt SaSsdt   00003000 INTL 20160422)
Jan 28 14:09:45 kernel: [    0.009051] ACPI: SSDT 0x000000007EE54478 0023CB (v02 PegSsd PegSsdt  00001000 INTL 20160422)
Jan 28 14:09:45 kernel: [    0.009053] ACPI: HPET 0x000000007EE56848 000038 (v01 INTEL  SKL      00000001 MSFT 0000005F)
Jan 28 14:09:45 kernel: [    0.009056] ACPI: SSDT 0x000000007EE56880 000A2E (v02 INTEL  xh_rvp08 00000000 INTL 20160422)
Jan 28 14:09:45 kernel: [    0.009058] ACPI: UEFI 0x000000007EE572B0 000042 (v01 INTEL  EDK2     00000002      01000013)
Jan 28 14:09:45 kernel: [    0.009061] ACPI: SSDT 0x000000007EE572F8 000EDE (v02 CpuRef CpuSsdt  00003000 INTL 20160422)
Jan 28 14:09:45 kernel: [    0.009063] ACPI: AAFT 0x000000007EE581D8 00025F (v01 ALASKA OEMAAFT  01072009 MSFT 00000097)
Jan 28 14:09:45 kernel: [    0.009065] ACPI: LPIT 0x000000007EE58438 000094 (v01 INTEL  SKL      00000000 MSFT 0000005F)
Jan 28 14:09:45 kernel: [    0.009068] ACPI: WSMT 0x000000007EE584D0 000028 (v01 INTEL  SKL      00000000 MSFT 0000005F)
Jan 28 14:09:45 kernel: [    0.009070] ACPI: DBGP 0x000000007EE584F8 000034 (v01 INTEL           00000002 MSFT 0000005F)
Jan 28 14:09:45 kernel: [    0.009072] ACPI: DBG2 0x000000007EE58530 000054 (v00 INTEL           00000002 MSFT 0000005F)
Jan 28 14:09:45 kernel: [    0.009075] ACPI: DMAR 0x000000007EE58588 0000A8 (v01 INTEL  SKL      00000001 INTL 00000001)
Jan 28 14:09:45 kernel: [    0.009077] ACPI: BGRT 0x000000007EE58630 000038 (v01 ALASKA A M I    01072009 AMI  00010013)
Jan 28 14:09:45 kernel: [    0.009079] ACPI: ASF! 0x000000007EE58668 0000A0 (v32 INTEL   HCG     00000001 TFSM 000F4240)
Jan 28 14:09:45 kernel: [    0.009082] ACPI: Reserving FACP table memory at [mem 0x7ee50ca8-0x7ee50dbb]
Jan 28 14:09:45 kernel: [    0.009083] ACPI: Reserving DSDT table memory at [mem 0x7ee2d200-0x7ee50ca7]
Jan 28 14:09:45 kernel: [    0.009083] ACPI: Reserving FACS table memory at [mem 0x7ee98c40-0x7ee98c7f]
Jan 28 14:09:45 kernel: [    0.009084] ACPI: Reserving APIC table memory at [mem 0x7ee50dc0-0x7ee50e7b]
Jan 28 14:09:45 kernel: [    0.009085] ACPI: Reserving FPDT table memory at [mem 0x7ee50e80-0x7ee50ec3]
Jan 28 14:09:45 kernel: [    0.009085] ACPI: Reserving MCFG table memory at [mem 0x7ee50ec8-0x7ee50f03]
Jan 28 14:09:45 kernel: [    0.009086] ACPI: Reserving SSDT table memory at [mem 0x7ee50f08-0x7ee5127e]
Jan 28 14:09:45 kernel: [    0.009087] ACPI: Reserving FIDT table memory at [mem 0x7ee51280-0x7ee5131b]
Jan 28 14:09:45 kernel: [    0.009088] ACPI: Reserving SSDT table memory at [mem 0x7ee51320-0x7ee54473]
Jan 28 14:09:45 kernel: [    0.009088] ACPI: Reserving SSDT table memory at [mem 0x7ee54478-0x7ee56842]
Jan 28 14:09:45 kernel: [    0.009089] ACPI: Reserving HPET table memory at [mem 0x7ee56848-0x7ee5687f]
Jan 28 14:09:45 kernel: [    0.009090] ACPI: Reserving SSDT table memory at [mem 0x7ee56880-0x7ee572ad]
Jan 28 14:09:45 kernel: [    0.009090] ACPI: Reserving UEFI table memory at [mem 0x7ee572b0-0x7ee572f1]
Jan 28 14:09:45 kernel: [    0.009091] ACPI: Reserving SSDT table memory at [mem 0x7ee572f8-0x7ee581d5]
Jan 28 14:09:45 kernel: [    0.009092] ACPI: Reserving AAFT table memory at [mem 0x7ee581d8-0x7ee58436]
Jan 28 14:09:45 kernel: [    0.009092] ACPI: Reserving LPIT table memory at [mem 0x7ee58438-0x7ee584cb]
Jan 28 14:09:45 kernel: [    0.009093] ACPI: Reserving WSMT table memory at [mem 0x7ee584d0-0x7ee584f7]
Jan 28 14:09:45 kernel: [    0.009094] ACPI: Reserving DBGP table memory at [mem 0x7ee584f8-0x7ee5852b]
Jan 28 14:09:45 kernel: [    0.009095] ACPI: Reserving DBG2 table memory at [mem 0x7ee58530-0x7ee58583]
Jan 28 14:09:45 kernel: [    0.009095] ACPI: Reserving DMAR table memory at [mem 0x7ee58588-0x7ee5862f]
Jan 28 14:09:45 kernel: [    0.009096] ACPI: Reserving BGRT table memory at [mem 0x7ee58630-0x7ee58667]
Jan 28 14:09:45 kernel: [    0.009097] ACPI: Reserving ASF! table memory at [mem 0x7ee58668-0x7ee58707]
Jan 28 14:09:45 kernel: [    0.009104] ACPI: Local APIC address 0xfee00000
Jan 28 14:09:45 kernel: [    0.009191] No NUMA configuration found
Jan 28 14:09:45 kernel: [    0.009192] Faking a node at [mem 0x0000000000000000-0x000000046effffff]
Jan 28 14:09:45 kernel: [    0.009200] NODE_DATA(0) allocated [mem 0x46efd6000-0x46effffff]
Jan 28 14:09:45 kernel: [    0.009448] Zone ranges:
Jan 28 14:09:45 kernel: [    0.009448]   DMA      [mem 0x0000000000001000-0x0000000000ffffff]
Jan 28 14:09:45 kernel: [    0.009450]   DMA32    [mem 0x0000000001000000-0x00000000ffffffff]
Jan 28 14:09:45 kernel: [    0.009451]   Normal   [mem 0x0000000100000000-0x000000046effffff]
Jan 28 14:09:45 kernel: [    0.009452]   Device   empty
Jan 28 14:09:45 kernel: [    0.009453] Movable zone start for each node
Jan 28 14:09:45 kernel: [    0.009455] Early memory node ranges
Jan 28 14:09:45 kernel: [    0.009456]   node   0: [mem 0x0000000000001000-0x0000000000057fff]
Jan 28 14:09:45 kernel: [    0.009457]   node   0: [mem 0x0000000000059000-0x000000000009dfff]
Jan 28 14:09:45 kernel: [    0.009457]   node   0: [mem 0x0000000000100000-0x00000000783eafff]
Jan 28 14:09:45 kernel: [    0.009458]   node   0: [mem 0x00000000783ed000-0x000000007e33afff]
Jan 28 14:09:45 kernel: [    0.009459]   node   0: [mem 0x000000007e698000-0x000000007eb2cfff]
Jan 28 14:09:45 kernel: [    0.009459]   node   0: [mem 0x000000007f3ff000-0x000000007f3fffff]
Jan 28 14:09:45 kernel: [    0.009460]   node   0: [mem 0x0000000100000000-0x000000046effffff]
Jan 28 14:09:45 kernel: [    0.009462] Initmem setup node 0 [mem 0x0000000000001000-0x000000046effffff]
Jan 28 14:09:45 kernel: [    0.009463] On node 0 totalpages: 4118379
Jan 28 14:09:45 kernel: [    0.009464]   DMA zone: 64 pages used for memmap
Jan 28 14:09:45 kernel: [    0.009465]   DMA zone: 23 pages reserved
Jan 28 14:09:45 kernel: [    0.009465]   DMA zone: 3996 pages, LIFO batch:0
Jan 28 14:09:45 kernel: [    0.009466]   DMA32 zone: 8032 pages used for memmap
Jan 28 14:09:45 kernel: [    0.009467]   DMA32 zone: 513999 pages, LIFO batch:63
Jan 28 14:09:45 kernel: [    0.009467]   Normal zone: 56256 pages used for memmap
Jan 28 14:09:45 kernel: [    0.009468]   Normal zone: 3600384 pages, LIFO batch:63
Jan 28 14:09:45 kernel: [    0.009470] On node 0, zone DMA: 1 pages in unavailable ranges
Jan 28 14:09:45 kernel: [    0.009471] On node 0, zone DMA: 1 pages in unavailable ranges
Jan 28 14:09:45 kernel: [    0.009493] On node 0, zone DMA: 98 pages in unavailable ranges
Jan 28 14:09:45 kernel: [    0.012322] On node 0, zone DMA32: 2 pages in unavailable ranges
Jan 28 14:09:45 kernel: [    0.012335] On node 0, zone DMA32: 861 pages in unavailable ranges
Jan 28 14:09:45 kernel: [    0.012349] On node 0, zone DMA32: 2258 pages in unavailable ranges
Jan 28 14:09:45 kernel: [    0.012560] On node 0, zone Normal: 3072 pages in unavailable ranges
Jan 28 14:09:45 kernel: [    0.012586] On node 0, zone Normal: 4096 pages in unavailable ranges
Jan 28 14:09:45 kernel: [    0.012594] Reserving Intel graphics memory at [mem 0x80000000-0x8fffffff]
Jan 28 14:09:45 kernel: [    0.012743] ACPI: PM-Timer IO Port: 0x1808
Jan 28 14:09:45 kernel: [    0.012744] ACPI: Local APIC address 0xfee00000
Jan 28 14:09:45 kernel: [    0.012749] ACPI: LAPIC_NMI (acpi_id[0x01] high edge lint[0x1])
Jan 28 14:09:45 kernel: [    0.012750] ACPI: LAPIC_NMI (acpi_id[0x02] high edge lint[0x1])
Jan 28 14:09:45 kernel: [    0.012750] ACPI: LAPIC_NMI (acpi_id[0x03] high edge lint[0x1])
Jan 28 14:09:45 kernel: [    0.012751] ACPI: LAPIC_NMI (acpi_id[0x04] high edge lint[0x1])
Jan 28 14:09:45 kernel: [    0.012751] ACPI: LAPIC_NMI (acpi_id[0x05] high edge lint[0x1])
Jan 28 14:09:45 kernel: [    0.012752] ACPI: LAPIC_NMI (acpi_id[0x06] high edge lint[0x1])
Jan 28 14:09:45 kernel: [    0.012752] ACPI: LAPIC_NMI (acpi_id[0x07] high edge lint[0x1])
Jan 28 14:09:45 kernel: [    0.012753] ACPI: LAPIC_NMI (acpi_id[0x08] high edge lint[0x1])
Jan 28 14:09:45 kernel: [    0.012779] IOAPIC[0]: apic_id 2, version 32, address 0xfec00000, GSI 0-119
Jan 28 14:09:45 kernel: [    0.012780] ACPI: INT_SRC_OVR (bus 0 bus_irq 0 global_irq 2 dfl dfl)
Jan 28 14:09:45 kernel: [    0.012781] ACPI: INT_SRC_OVR (bus 0 bus_irq 9 global_irq 9 high level)
Jan 28 14:09:45 kernel: [    0.012782] ACPI: IRQ0 used by override.
Jan 28 14:09:45 kernel: [    0.012783] ACPI: IRQ9 used by override.
Jan 28 14:09:45 kernel: [    0.012785] Using ACPI (MADT) for SMP configuration information
Jan 28 14:09:45 kernel: [    0.012786] ACPI: HPET id: 0x8086a201 base: 0xfed00000
Jan 28 14:09:45 kernel: [    0.012790] e820: update [mem 0x7cad4000-0x7cb14fff] usable ==> reserved
Jan 28 14:09:45 kernel: [    0.012801] TSC deadline timer available
Jan 28 14:09:45 kernel: [    0.012802] smpboot: Allowing 8 CPUs, 0 hotplug CPUs
Jan 28 14:09:45 kernel: [    0.012817] PM: hibernation: Registered nosave memory: [mem 0x00000000-0x00000fff]
Jan 28 14:09:45 kernel: [    0.012819] PM: hibernation: Registered nosave memory: [mem 0x00058000-0x00058fff]
Jan 28 14:09:45 kernel: [    0.012820] PM: hibernation: Registered nosave memory: [mem 0x0009e000-0x000fffff]
Jan 28 14:09:45 kernel: [    0.012821] PM: hibernation: Registered nosave memory: [mem 0x783eb000-0x783ebfff]
Jan 28 14:09:45 kernel: [    0.012822] PM: hibernation: Registered nosave memory: [mem 0x783ec000-0x783ecfff]
Jan 28 14:09:45 kernel: [    0.012823] PM: hibernation: Registered nosave memory: [mem 0x7c48d000-0x7c48dfff]
Jan 28 14:09:45 kernel: [    0.012824] PM: hibernation: Registered nosave memory: [mem 0x7cad4000-0x7cb14fff]
Jan 28 14:09:45 kernel: [    0.012826] PM: hibernation: Registered nosave memory: [mem 0x7e33b000-0x7e697fff]
Jan 28 14:09:45 kernel: [    0.012827] PM: hibernation: Registered nosave memory: [mem 0x7eb2d000-0x7ee98fff]
Jan 28 14:09:45 kernel: [    0.012827] PM: hibernation: Registered nosave memory: [mem 0x7ee99000-0x7f3a2fff]
Jan 28 14:09:45 kernel: [    0.012828] PM: hibernation: Registered nosave memory: [mem 0x7f3a3000-0x7f3fefff]
Jan 28 14:09:45 kernel: [    0.012829] PM: hibernation: Registered nosave memory: [mem 0x7f400000-0x8fffffff]
Jan 28 14:09:45 kernel: [    0.012830] PM: hibernation: Registered nosave memory: [mem 0x90000000-0xdfffffff]
Jan 28 14:09:45 kernel: [    0.012830] PM: hibernation: Registered nosave memory: [mem 0xe0000000-0xefffffff]
Jan 28 14:09:45 kernel: [    0.012831] PM: hibernation: Registered nosave memory: [mem 0xf0000000-0xfdffffff]
Jan 28 14:09:45 kernel: [    0.012831] PM: hibernation: Registered nosave memory: [mem 0xfe000000-0xfe010fff]
Jan 28 14:09:45 kernel: [    0.012832] PM: hibernation: Registered nosave memory: [mem 0xfe011000-0xfebfffff]
Jan 28 14:09:45 kernel: [    0.012832] PM: hibernation: Registered nosave memory: [mem 0xfec00000-0xfec00fff]
Jan 28 14:09:45 kernel: [    0.012833] PM: hibernation: Registered nosave memory: [mem 0xfec01000-0xfecfffff]
Jan 28 14:09:45 kernel: [    0.012833] PM: hibernation: Registered nosave memory: [mem 0xfed00000-0xfed00fff]
Jan 28 14:09:45 kernel: [    0.012834] PM: hibernation: Registered nosave memory: [mem 0xfed01000-0xfedfffff]
Jan 28 14:09:45 kernel: [    0.012834] PM: hibernation: Registered nosave memory: [mem 0xfee00000-0xfee00fff]
Jan 28 14:09:45 kernel: [    0.012835] PM: hibernation: Registered nosave memory: [mem 0xfee01000-0xfeffffff]
Jan 28 14:09:45 kernel: [    0.012835] PM: hibernation: Registered nosave memory: [mem 0xff000000-0xffffffff]
Jan 28 14:09:45 kernel: [    0.012837] [mem 0x90000000-0xdfffffff] available for PCI devices
Jan 28 14:09:45 kernel: [    0.012838] Booting paravirtualized kernel on bare hardware
Jan 28 14:09:45 kernel: [    0.012840] clocksource: refined-jiffies: mask: 0xffffffff max_cycles: 0xffffffff, max_idle_ns: 7645519600211568 ns
Jan 28 14:09:45 kernel: [    0.016289] setup_percpu: NR_CPUS:8192 nr_cpumask_bits:8 nr_cpu_ids:8 nr_node_ids:1
Jan 28 14:09:45 kernel: [    0.016424] percpu: Embedded 63 pages/cpu s221184 r8192 d28672 u262144
Jan 28 14:09:45 kernel: [    0.016429] pcpu-alloc: s221184 r8192 d28672 u262144 alloc=1*2097152
Jan 28 14:09:45 kernel: [    0.016430] pcpu-alloc: [0] 0 1 2 3 4 5 6 7 
Jan 28 14:09:45 kernel: [    0.016453] Built 1 zonelists, mobility grouping on.  Total pages: 4054004
Jan 28 14:09:45 kernel: [    0.016454] Policy zone: Normal
Jan 28 14:09:45 kernel: [    0.016455] Kernel command line: BOOT_IMAGE=/install/vmlinuz vga=normal quiet file=/cdrom/install/preseed.cfg file=/cdrom/install/preseed.cfg file=/cdrom/install/preseed.cfg
Jan 28 14:09:45 kernel: [    0.017087] Dentry cache hash table entries: 2097152 (order: 12, 16777216 bytes, linear)
Jan 28 14:09:45 kernel: [    0.017359] Inode-cache hash table entries: 1048576 (order: 11, 8388608 bytes, linear)
Jan 28 14:09:45 kernel: [    0.017423] mem auto-init: stack:off, heap alloc:on, heap free:off
Jan 28 14:09:45 kernel: [    0.027515] Memory: 2065396K/16473516K available (12295K kernel code, 2536K rwdata, 7568K rodata, 2668K init, 17720K bss, 471872K reserved, 0K cma-reserved)
Jan 28 14:09:45 kernel: [    0.027716] SLUB: HWalign=64, Order=0-3, MinObjects=0, CPUs=8, Nodes=1
Jan 28 14:09:45 kernel: [    0.027728] Kernel/User page tables isolation: enabled
Jan 28 14:09:45 kernel: [    0.027740] ftrace: allocating 36572 entries in 143 pages
Jan 28 14:09:45 kernel: [    0.041977] ftrace: allocated 143 pages with 5 groups
Jan 28 14:09:45 kernel: [    0.042075] rcu: Hierarchical RCU implementation.
Jan 28 14:09:45 kernel: [    0.042076] rcu: 	RCU restricting CPUs from NR_CPUS=8192 to nr_cpu_ids=8.
Jan 28 14:09:45 kernel: [    0.042076] 	Rude variant of Tasks RCU enabled.
Jan 28 14:09:45 kernel: [    0.042077] 	Tracing variant of Tasks RCU enabled.
Jan 28 14:09:45 kernel: [    0.042078] rcu: RCU calculated value of scheduler-enlistment delay is 25 jiffies.
Jan 28 14:09:45 kernel: [    0.042079] rcu: Adjusting geometry for rcu_fanout_leaf=16, nr_cpu_ids=8
Jan 28 14:09:45 kernel: [    0.045311] NR_IRQS: 524544, nr_irqs: 2048, preallocated irqs: 16
Jan 28 14:09:45 kernel: [    0.045679] random: crng init done
Jan 28 14:09:45 kernel: [    0.045696] Console: colour dummy device 80x25
Jan 28 14:09:45 kernel: [    0.045707] printk: console [tty0] enabled
Jan 28 14:09:45 kernel: [    0.045718] ACPI: Core revision 20200925
Jan 28 14:09:45 kernel: [    0.045939] clocksource: hpet: mask: 0xffffffff max_cycles: 0xffffffff, max_idle_ns: 79635855245 ns
Jan 28 14:09:45 kernel: [    0.046002] APIC: Switch to symmetric I/O mode setup
Jan 28 14:09:45 kernel: [    0.046004] DMAR: Host address width 39
Jan 28 14:09:45 kernel: [    0.046005] DMAR: DRHD base: 0x000000fed90000 flags: 0x0
Jan 28 14:09:45 kernel: [    0.046009] DMAR: dmar0: reg_base_addr fed90000 ver 1:0 cap 1c0000c40660462 ecap 7e3ff0505e
Jan 28 14:09:45 kernel: [    0.046010] DMAR: DRHD base: 0x000000fed91000 flags: 0x1
Jan 28 14:09:45 kernel: [    0.046012] DMAR: dmar1: reg_base_addr fed91000 ver 1:0 cap d2008c40660462 ecap f050da
Jan 28 14:09:45 kernel: [    0.046013] DMAR: RMRR base: 0x0000007e600000 end: 0x0000007e61ffff
Jan 28 14:09:45 kernel: [    0.046014] DMAR: RMRR base: 0x0000007f800000 end: 0x0000008fffffff
Jan 28 14:09:45 kernel: [    0.046016] DMAR-IR: IOAPIC id 2 under DRHD base  0xfed91000 IOMMU 1
Jan 28 14:09:45 kernel: [    0.046016] DMAR-IR: HPET id 0 under DRHD base 0xfed91000
Jan 28 14:09:45 kernel: [    0.046017] DMAR-IR: Queued invalidation will be enabled to support x2apic and Intr-remapping.
Jan 28 14:09:45 kernel: [    0.047445] DMAR-IR: Enabled IRQ remapping in x2apic mode
Jan 28 14:09:45 kernel: [    0.047447] x2apic enabled
Jan 28 14:09:45 kernel: [    0.047459] Switched APIC routing to cluster x2apic.
Jan 28 14:09:45 kernel: [    0.051275] ..TIMER: vector=0x30 apic1=0 pin1=2 apic2=-1 pin2=-1
Jan 28 14:09:45 kernel: [    0.070035] clocksource: tsc-early: mask: 0xffffffffffffffff max_cycles: 0x3101f59f5e6, max_idle_ns: 440795259996 ns
Jan 28 14:09:45 kernel: [    0.070038] Calibrating delay loop (skipped), value calculated using timer frequency.. 6799.81 BogoMIPS (lpj=13599624)
Jan 28 14:09:45 kernel: [    0.070040] pid_max: default: 32768 minimum: 301
Jan 28 14:09:45 kernel: [    0.072101] LSM: Security Framework initializing
Jan 28 14:09:45 kernel: [    0.072107] Yama: disabled by default; enable with sysctl kernel.yama.*
Jan 28 14:09:45 kernel: [    0.072126] AppArmor: AppArmor initialized
Jan 28 14:09:45 kernel: [    0.072127] TOMOYO Linux initialized
Jan 28 14:09:45 kernel: [    0.072155] Mount-cache hash table entries: 32768 (order: 6, 262144 bytes, linear)
Jan 28 14:09:45 kernel: [    0.072175] Mountpoint-cache hash table entries: 32768 (order: 6, 262144 bytes, linear)
Jan 28 14:09:45 kernel: [    0.072359] mce: CPU0: Thermal monitoring enabled (TM1)
Jan 28 14:09:45 kernel: [    0.072375] process: using mwait in idle threads
Jan 28 14:09:45 kernel: [    0.072377] Last level iTLB entries: 4KB 64, 2MB 8, 4MB 8
Jan 28 14:09:45 kernel: [    0.072377] Last level dTLB entries: 4KB 64, 2MB 0, 4MB 0, 1GB 4
Jan 28 14:09:45 kernel: [    0.072379] Spectre V1 : Mitigation: usercopy/swapgs barriers and __user pointer sanitization
Jan 28 14:09:45 kernel: [    0.072381] Spectre V2 : Mitigation: IBRS
Jan 28 14:09:45 kernel: [    0.072381] Spectre V2 : Spectre v2 / SpectreRSB mitigation: Filling RSB on context switch
Jan 28 14:09:45 kernel: [    0.072382] Spectre V2 : Spectre v2 / SpectreRSB : Filling RSB on VMEXIT
Jan 28 14:09:45 kernel: [    0.072383] RETBleed: Mitigation: IBRS
Jan 28 14:09:45 kernel: [    0.072384] Spectre V2 : mitigation: Enabling conditional Indirect Branch Prediction Barrier
Jan 28 14:09:45 kernel: [    0.072385] Spectre V2 : User space: Mitigation: STIBP via seccomp and prctl
Jan 28 14:09:45 kernel: [    0.072385] Speculative Store Bypass: Vulnerable
Jan 28 14:09:45 kernel: [    0.072389] MDS: Vulnerable: Clear CPU buffers attempted, no microcode
Jan 28 14:09:45 kernel: [    0.072390] TAA: Vulnerable: Clear CPU buffers attempted, no microcode
Jan 28 14:09:45 kernel: [    0.072390] MMIO Stale Data: Vulnerable: Clear CPU buffers attempted, no microcode
Jan 28 14:09:45 kernel: [    0.072391] SRBDS: Vulnerable: No microcode
Jan 28 14:09:45 kernel: [    0.085713] Freeing SMP alternatives memory: 32K
Jan 28 14:09:45 kernel: [    0.087188] smpboot: CPU0: Intel(R) Core(TM) i7-6700 CPU @ 3.40GHz (family: 0x6, model: 0x5e, stepping: 0x3)
Jan 28 14:09:45 kernel: [    0.087275] Performance Events: PEBS fmt3+, Skylake events, 32-deep LBR, full-width counters, Intel PMU driver.
Jan 28 14:09:45 kernel: [    0.087284] ... version:                4
Jan 28 14:09:45 kernel: [    0.087285] ... bit width:              48
Jan 28 14:09:45 kernel: [    0.087285] ... generic registers:      4
Jan 28 14:09:45 kernel: [    0.087286] ... value mask:             0000ffffffffffff
Jan 28 14:09:45 kernel: [    0.087286] ... max period:             00007fffffffffff
Jan 28 14:09:45 kernel: [    0.087287] ... fixed-purpose events:   3
Jan 28 14:09:45 kernel: [    0.087288] ... event mask:             000000070000000f
Jan 28 14:09:45 kernel: [    0.087374] rcu: Hierarchical SRCU implementation.
Jan 28 14:09:45 kernel: [    0.088018] NMI watchdog: Enabled. Permanently consumes one hw-PMU counter.
Jan 28 14:09:45 kernel: [    0.088075] smp: Bringing up secondary CPUs ...
Jan 28 14:09:45 kernel: [    0.088135] x86: Booting SMP configuration:
Jan 28 14:09:45 kernel: [    0.088135] .... node  #0, CPUs:      #1 #2 #3 #4
Jan 28 14:09:45 kernel: [    0.088488] MDS CPU bug present and SMT on, data leak possible. See https://www.kernel.org/doc/html/latest/admin-guide/hw-vuln/mds.html for more details.
Jan 28 14:09:45 kernel: [    0.088488] TAA CPU bug present and SMT on, data leak possible. See https://www.kernel.org/doc/html/latest/admin-guide/hw-vuln/tsx_async_abort.html for more details.
Jan 28 14:09:45 kernel: [    0.088488] MMIO Stale Data CPU bug present and SMT on, data leak possible. See https://www.kernel.org/doc/html/latest/admin-guide/hw-vuln/processor_mmio_stale_data.html for more details.
Jan 28 14:09:45 kernel: [    0.088488]  #5 #6 #7
Jan 28 14:09:45 kernel: [    0.090207] smp: Brought up 1 node, 8 CPUs
Jan 28 14:09:45 kernel: [    0.090207] smpboot: Max logical packages: 1
Jan 28 14:09:45 kernel: [    0.090207] smpboot: Total of 8 processors activated (54398.49 BogoMIPS)
Jan 28 14:09:45 kernel: [    0.110069] node 0 deferred pages initialised in 20ms
Jan 28 14:09:45 kernel: [    0.111779] devtmpfs: initialized
Jan 28 14:09:45 kernel: [    0.111779] x86/mm: Memory block size: 128MB
Jan 28 14:09:45 kernel: [    0.111779] PM: Registering ACPI NVS region [mem 0x783eb000-0x783ebfff] (4096 bytes)
Jan 28 14:09:45 kernel: [    0.111779] PM: Registering ACPI NVS region [mem 0x7eb2d000-0x7ee98fff] (3588096 bytes)
Jan 28 14:09:45 kernel: [    0.111779] clocksource: jiffies: mask: 0xffffffff max_cycles: 0xffffffff, max_idle_ns: 7645041785100000 ns
Jan 28 14:09:45 kernel: [    0.111779] futex hash table entries: 2048 (order: 5, 131072 bytes, linear)
Jan 28 14:09:45 kernel: [    0.111779] pinctrl core: initialized pinctrl subsystem
Jan 28 14:09:45 kernel: [    0.111779] NET: Registered protocol family 16
Jan 28 14:09:45 kernel: [    0.111779] DMA: preallocated 2048 KiB GFP_KERNEL pool for atomic allocations
Jan 28 14:09:45 kernel: [    0.111779] DMA: preallocated 2048 KiB GFP_KERNEL|GFP_DMA pool for atomic allocations
Jan 28 14:09:45 kernel: [    0.111779] DMA: preallocated 2048 KiB GFP_KERNEL|GFP_DMA32 pool for atomic allocations
Jan 28 14:09:45 kernel: [    0.111779] audit: initializing netlink subsys (disabled)
Jan 28 14:09:45 kernel: [    0.111779] audit: type=2000 audit(1706450983.064:1): state=initialized audit_enabled=0 res=1
Jan 28 14:09:45 kernel: [    0.111779] thermal_sys: Registered thermal governor 'fair_share'
Jan 28 14:09:45 kernel: [    0.111779] thermal_sys: Registered thermal governor 'bang_bang'
Jan 28 14:09:45 kernel: [    0.111779] thermal_sys: Registered thermal governor 'step_wise'
Jan 28 14:09:45 kernel: [    0.111779] thermal_sys: Registered thermal governor 'user_space'
Jan 28 14:09:45 kernel: [    0.111779] thermal_sys: Registered thermal governor 'power_allocator'
Jan 28 14:09:45 kernel: [    0.111779] cpuidle: using governor ladder
Jan 28 14:09:45 kernel: [    0.111779] cpuidle: using governor menu
Jan 28 14:09:45 kernel: [    0.114052] ACPI FADT declares the system doesn't support PCIe ASPM, so disable it
Jan 28 14:09:45 kernel: [    0.114053] ACPI: bus type PCI registered
Jan 28 14:09:45 kernel: [    0.114054] acpiphp: ACPI Hot Plug PCI Controller Driver version: 0.5
Jan 28 14:09:45 kernel: [    0.114111] PCI: MMCONFIG for domain 0000 [bus 00-ff] at [mem 0xe0000000-0xefffffff] (base 0xe0000000)
Jan 28 14:09:45 kernel: [    0.114112] PCI: MMCONFIG at [mem 0xe0000000-0xefffffff] reserved in E820
Jan 28 14:09:45 kernel: [    0.114126] PCI: Using configuration type 1 for base access
Jan 28 14:09:45 kernel: [    0.114446] ENERGY_PERF_BIAS: Set to 'normal', was 'performance'
Jan 28 14:09:45 kernel: [    0.114669] Kprobes globally optimized
Jan 28 14:09:45 kernel: [    0.114672] HugeTLB registered 1.00 GiB page size, pre-allocated 0 pages
Jan 28 14:09:45 kernel: [    0.114672] HugeTLB registered 2.00 MiB page size, pre-allocated 0 pages
Jan 28 14:09:45 kernel: [    0.214318] ACPI: Added _OSI(Module Device)
Jan 28 14:09:45 kernel: [    0.214318] ACPI: Added _OSI(Processor Device)
Jan 28 14:09:45 kernel: [    0.214318] ACPI: Added _OSI(3.0 _SCP Extensions)
Jan 28 14:09:45 kernel: [    0.214318] ACPI: Added _OSI(Processor Aggregator Device)
Jan 28 14:09:45 kernel: [    0.214318] ACPI: Added _OSI(Linux-Dell-Video)
Jan 28 14:09:45 kernel: [    0.214318] ACPI: Added _OSI(Linux-Lenovo-NV-HDMI-Audio)
Jan 28 14:09:45 kernel: [    0.214318] ACPI: Added _OSI(Linux-HPI-Hybrid-Graphics)
Jan 28 14:09:45 kernel: [    0.242492] ACPI: 6 ACPI AML tables successfully acquired and loaded
Jan 28 14:09:45 kernel: [    0.244375] ACPI: [Firmware Bug]: BIOS _OSI(Linux) query ignored
Jan 28 14:09:45 kernel: [    0.247408] ACPI: Dynamic OEM Table Load:
Jan 28 14:09:45 kernel: [    0.247414] ACPI: SSDT 0xFFFF896B40B50000 000717 (v02 PmRef  Cpu0Ist  00003000 INTL 20160422)
Jan 28 14:09:45 kernel: [    0.248351] ACPI: \_PR_.CPU0: _OSC native thermal LVT Acked
Jan 28 14:09:45 kernel: [    0.249082] ACPI: Dynamic OEM Table Load:
Jan 28 14:09:45 kernel: [    0.249086] ACPI: SSDT 0xFFFF896B41263400 0003FF (v02 PmRef  Cpu0Cst  00003001 INTL 20160422)
Jan 28 14:09:45 kernel: [    0.250184] ACPI: Dynamic OEM Table Load:
Jan 28 14:09:45 kernel: [    0.250188] ACPI: SSDT 0xFFFF896B40B55800 00065C (v02 PmRef  ApIst    00003000 INTL 20160422)
Jan 28 14:09:45 kernel: [    0.251317] ACPI: Dynamic OEM Table Load:
Jan 28 14:09:45 kernel: [    0.251320] ACPI: SSDT 0xFFFF896D645A5A00 00018A (v02 PmRef  ApCst    00003000 INTL 20160422)
Jan 28 14:09:45 kernel: [    0.254358] ACPI: Interpreter enabled
Jan 28 14:09:45 kernel: [    0.254390] ACPI: (supports S0 S3 S4 S5)
Jan 28 14:09:45 kernel: [    0.254391] ACPI: Using IOAPIC for interrupt routing
Jan 28 14:09:45 kernel: [    0.254463] PCI: Using host bridge windows from ACPI; if necessary, use "pci=nocrs" and report a bug
Jan 28 14:09:45 kernel: [    0.254909] ACPI: Enabled 7 GPEs in block 00 to 7F
Jan 28 14:09:45 kernel: [    0.259126] ACPI: Power Resource [WRST] (on)
Jan 28 14:09:45 kernel: [    0.259427] ACPI: Power Resource [WRST] (on)
Jan 28 14:09:45 kernel: [    0.259706] ACPI: Power Resource [WRST] (on)
Jan 28 14:09:45 kernel: [    0.260007] ACPI: Power Resource [WRST] (on)
Jan 28 14:09:45 kernel: [    0.260308] ACPI: Power Resource [WRST] (on)
Jan 28 14:09:45 kernel: [    0.260586] ACPI: Power Resource [WRST] (on)
Jan 28 14:09:45 kernel: [    0.260862] ACPI: Power Resource [WRST] (on)
Jan 28 14:09:45 kernel: [    0.261139] ACPI: Power Resource [WRST] (on)
Jan 28 14:09:45 kernel: [    0.261415] ACPI: Power Resource [WRST] (on)
Jan 28 14:09:45 kernel: [    0.261698] ACPI: Power Resource [WRST] (on)
Jan 28 14:09:45 kernel: [    0.261995] ACPI: Power Resource [WRST] (on)
Jan 28 14:09:45 kernel: [    0.262273] ACPI: Power Resource [WRST] (on)
Jan 28 14:09:45 kernel: [    0.262569] ACPI: Power Resource [WRST] (on)
Jan 28 14:09:45 kernel: [    0.262872] ACPI: Power Resource [WRST] (on)
Jan 28 14:09:45 kernel: [    0.263156] ACPI: Power Resource [WRST] (on)
Jan 28 14:09:45 kernel: [    0.263435] ACPI: Power Resource [WRST] (on)
Jan 28 14:09:45 kernel: [    0.263713] ACPI: Power Resource [WRST] (on)
Jan 28 14:09:45 kernel: [    0.264798] ACPI: Power Resource [WRST] (on)
Jan 28 14:09:45 kernel: [    0.265076] ACPI: Power Resource [WRST] (on)
Jan 28 14:09:45 kernel: [    0.265354] ACPI: Power Resource [WRST] (on)
Jan 28 14:09:45 kernel: [    0.273788] ACPI: PCI Root Bridge [PCI0] (domain 0000 [bus 00-fe])
Jan 28 14:09:45 kernel: [    0.273793] acpi PNP0A08:00: _OSC: OS supports [ExtendedConfig ASPM ClockPM Segments MSI HPX-Type3]
Jan 28 14:09:45 kernel: [    0.273822] acpi PNP0A08:00: _OSC failed (AE_ERROR); disabling ASPM
Jan 28 14:09:45 kernel: [    0.274278] PCI host bridge to bus 0000:00
Jan 28 14:09:45 kernel: [    0.274280] pci_bus 0000:00: root bus resource [io  0x0000-0x0cf7 window]
Jan 28 14:09:45 kernel: [    0.274281] pci_bus 0000:00: root bus resource [io  0x0d00-0xffff window]
Jan 28 14:09:45 kernel: [    0.274282] pci_bus 0000:00: root bus resource [mem 0x000a0000-0x000bffff window]
Jan 28 14:09:45 kernel: [    0.274283] pci_bus 0000:00: root bus resource [mem 0x000c0000-0x000c3fff window]
Jan 28 14:09:45 kernel: [    0.274284] pci_bus 0000:00: root bus resource [mem 0x000c4000-0x000c7fff window]
Jan 28 14:09:45 kernel: [    0.274284] pci_bus 0000:00: root bus resource [mem 0x000c8000-0x000cbfff window]
Jan 28 14:09:45 kernel: [    0.274285] pci_bus 0000:00: root bus resource [mem 0x000cc000-0x000cffff window]
Jan 28 14:09:45 kernel: [    0.274286] pci_bus 0000:00: root bus resource [mem 0x000d0000-0x000d3fff window]
Jan 28 14:09:45 kernel: [    0.274287] pci_bus 0000:00: root bus resource [mem 0x000d4000-0x000d7fff window]
Jan 28 14:09:45 kernel: [    0.274288] pci_bus 0000:00: root bus resource [mem 0x000d8000-0x000dbfff window]
Jan 28 14:09:45 kernel: [    0.274288] pci_bus 0000:00: root bus resource [mem 0x000dc000-0x000dffff window]
Jan 28 14:09:45 kernel: [    0.274289] pci_bus 0000:00: root bus resource [mem 0x000e0000-0x000e3fff window]
Jan 28 14:09:45 kernel: [    0.274290] pci_bus 0000:00: root bus resource [mem 0x000e4000-0x000e7fff window]
Jan 28 14:09:45 kernel: [    0.274291] pci_bus 0000:00: root bus resource [mem 0x000e8000-0x000ebfff window]
Jan 28 14:09:45 kernel: [    0.274292] pci_bus 0000:00: root bus resource [mem 0x000ec000-0x000effff window]
Jan 28 14:09:45 kernel: [    0.274293] pci_bus 0000:00: root bus resource [mem 0x90000000-0xdfffffff window]
Jan 28 14:09:45 kernel: [    0.274293] pci_bus 0000:00: root bus resource [mem 0xfd000000-0xfe7fffff window]
Jan 28 14:09:45 kernel: [    0.274294] pci_bus 0000:00: root bus resource [bus 00-fe]
Jan 28 14:09:45 kernel: [    0.274305] pci 0000:00:00.0: [8086:191f] type 00 class 0x060000
Jan 28 14:09:45 kernel: [    0.274396] pci 0000:00:02.0: [8086:1912] type 00 class 0x030000
Jan 28 14:09:45 kernel: [    0.274403] pci 0000:00:02.0: reg 0x10: [mem 0xde000000-0xdeffffff 64bit]
Jan 28 14:09:45 kernel: [    0.274407] pci 0000:00:02.0: reg 0x18: [mem 0xc0000000-0xcfffffff 64bit pref]
Jan 28 14:09:45 kernel: [    0.274410] pci 0000:00:02.0: reg 0x20: [io  0xf000-0xf03f]
Jan 28 14:09:45 kernel: [    0.274423] pci 0000:00:02.0: BAR 2: assigned to efifb
Jan 28 14:09:45 kernel: [    0.274582] pci 0000:00:14.0: [8086:a2af] type 00 class 0x0c0330
Jan 28 14:09:45 kernel: [    0.274597] pci 0000:00:14.0: reg 0x10: [mem 0xdf130000-0xdf13ffff 64bit]
Jan 28 14:09:45 kernel: [    0.274653] pci 0000:00:14.0: PME# supported from D3hot D3cold
Jan 28 14:09:45 kernel: [    0.274820] pci 0000:00:14.2: [8086:a2b1] type 00 class 0x118000
Jan 28 14:09:45 kernel: [    0.274835] pci 0000:00:14.2: reg 0x10: [mem 0xdf14e000-0xdf14efff 64bit]
Jan 28 14:09:45 kernel: [    0.274976] pci 0000:00:16.0: [8086:a2ba] type 00 class 0x078000
Jan 28 14:09:45 kernel: [    0.274994] pci 0000:00:16.0: reg 0x10: [mem 0xdf14d000-0xdf14dfff 64bit]
Jan 28 14:09:45 kernel: [    0.275056] pci 0000:00:16.0: PME# supported from D3hot
Jan 28 14:09:45 kernel: [    0.275199] pci 0000:00:17.0: [8086:a282] type 00 class 0x010601
Jan 28 14:09:45 kernel: [    0.275210] pci 0000:00:17.0: reg 0x10: [mem 0xdf148000-0xdf149fff]
Jan 28 14:09:45 kernel: [    0.275216] pci 0000:00:17.0: reg 0x14: [mem 0xdf14c000-0xdf14c0ff]
Jan 28 14:09:45 kernel: [    0.275221] pci 0000:00:17.0: reg 0x18: [io  0xf090-0xf097]
Jan 28 14:09:45 kernel: [    0.275227] pci 0000:00:17.0: reg 0x1c: [io  0xf080-0xf083]
Jan 28 14:09:45 kernel: [    0.275233] pci 0000:00:17.0: reg 0x20: [io  0xf060-0xf07f]
Jan 28 14:09:45 kernel: [    0.275239] pci 0000:00:17.0: reg 0x24: [mem 0xdf14b000-0xdf14b7ff]
Jan 28 14:09:45 kernel: [    0.275272] pci 0000:00:17.0: PME# supported from D3hot
Jan 28 14:09:45 kernel: [    0.275398] pci 0000:00:1c.0: [8086:a294] type 01 class 0x060400
Jan 28 14:09:45 kernel: [    0.275463] pci 0000:00:1c.0: PME# supported from D0 D3hot D3cold
Jan 28 14:09:45 kernel: [    0.275478] pci 0000:00:1c.0: Intel SPT PCH root port ACS workaround enabled
Jan 28 14:09:45 kernel: [    0.275648] pci 0000:00:1d.0: [8086:a298] type 01 class 0x060400
Jan 28 14:09:45 kernel: [    0.275706] pci 0000:00:1d.0: PME# supported from D0 D3hot D3cold
Jan 28 14:09:45 kernel: [    0.275719] pci 0000:00:1d.0: Intel SPT PCH root port ACS workaround enabled
Jan 28 14:09:45 kernel: [    0.275877] pci 0000:00:1f.0: [8086:a2c8] type 00 class 0x060100
Jan 28 14:09:45 kernel: [    0.276075] pci 0000:00:1f.2: [8086:a2a1] type 00 class 0x058000
Jan 28 14:09:45 kernel: [    0.276086] pci 0000:00:1f.2: reg 0x10: [mem 0xdf144000-0xdf147fff]
Jan 28 14:09:45 kernel: [    0.276226] pci 0000:00:1f.3: [8086:a2f0] type 00 class 0x040300
Jan 28 14:09:45 kernel: [    0.276244] pci 0000:00:1f.3: reg 0x10: [mem 0xdf140000-0xdf143fff 64bit]
Jan 28 14:09:45 kernel: [    0.276265] pci 0000:00:1f.3: reg 0x20: [mem 0xdf120000-0xdf12ffff 64bit]
Jan 28 14:09:45 kernel: [    0.276307] pci 0000:00:1f.3: PME# supported from D3hot D3cold
Jan 28 14:09:45 kernel: [    0.276477] pci 0000:00:1f.4: [8086:a2a3] type 00 class 0x0c0500
Jan 28 14:09:45 kernel: [    0.276533] pci 0000:00:1f.4: reg 0x10: [mem 0xdf14a000-0xdf14a0ff 64bit]
Jan 28 14:09:45 kernel: [    0.276602] pci 0000:00:1f.4: reg 0x20: [io  0xf040-0xf05f]
Jan 28 14:09:45 kernel: [    0.276789] pci 0000:00:1f.6: [8086:15b8] type 00 class 0x020000
Jan 28 14:09:45 kernel: [    0.276805] pci 0000:00:1f.6: reg 0x10: [mem 0xdf100000-0xdf11ffff]
Jan 28 14:09:45 kernel: [    0.276890] pci 0000:00:1f.6: PME# supported from D0 D3hot D3cold
Jan 28 14:09:45 kernel: [    0.277077] pci 0000:00:1c.0: PCI bridge to [bus 01]
Jan 28 14:09:45 kernel: [    0.277170] pci 0000:02:00.0: [144d:a808] type 00 class 0x010802
Jan 28 14:09:45 kernel: [    0.277188] pci 0000:02:00.0: reg 0x10: [mem 0xdf000000-0xdf003fff 64bit]
Jan 28 14:09:45 kernel: [    0.277341] pci 0000:02:00.0: 15.752 Gb/s available PCIe bandwidth, limited by 8.0 GT/s PCIe x2 link at 0000:00:1d.0 (capable of 31.504 Gb/s with 8.0 GT/s PCIe x4 link)
Jan 28 14:09:45 kernel: [    0.277416] pci 0000:00:1d.0: PCI bridge to [bus 02]
Jan 28 14:09:45 kernel: [    0.277420] pci 0000:00:1d.0:   bridge window [mem 0xdf000000-0xdf0fffff]
Jan 28 14:09:45 kernel: [    0.278931] ACPI: PCI Interrupt Link [LNKA] (IRQs 3 4 5 6 10 *11 12 14 15)
Jan 28 14:09:45 kernel: [    0.278978] ACPI: PCI Interrupt Link [LNKB] (IRQs 3 4 5 6 *10 11 12 14 15)
Jan 28 14:09:45 kernel: [    0.279022] ACPI: PCI Interrupt Link [LNKC] (IRQs 3 4 5 6 10 *11 12 14 15)
Jan 28 14:09:45 kernel: [    0.279066] ACPI: PCI Interrupt Link [LNKD] (IRQs 3 4 5 6 10 *11 12 14 15)
Jan 28 14:09:45 kernel: [    0.279110] ACPI: PCI Interrupt Link [LNKE] (IRQs 3 4 5 6 10 *11 12 14 15)
Jan 28 14:09:45 kernel: [    0.279153] ACPI: PCI Interrupt Link [LNKF] (IRQs 3 4 5 6 10 *11 12 14 15)
Jan 28 14:09:45 kernel: [    0.279197] ACPI: PCI Interrupt Link [LNKG] (IRQs 3 4 5 6 10 *11 12 14 15)
Jan 28 14:09:45 kernel: [    0.279240] ACPI: PCI Interrupt Link [LNKH] (IRQs 3 4 5 6 10 *11 12 14 15)
Jan 28 14:09:45 kernel: [    0.279544] iommu: Default domain type: Translated 
Jan 28 14:09:45 kernel: [    0.279554] pci 0000:00:02.0: vgaarb: setting as boot VGA device
Jan 28 14:09:45 kernel: [    0.279554] pci 0000:00:02.0: vgaarb: VGA device added: decodes=io+mem,owns=io+mem,locks=none
Jan 28 14:09:45 kernel: [    0.279554] pci 0000:00:02.0: vgaarb: bridge control possible
Jan 28 14:09:45 kernel: [    0.279554] vgaarb: loaded
Jan 28 14:09:45 kernel: [    0.279554] EDAC MC: Ver: 3.0.0
Jan 28 14:09:45 kernel: [    0.282056] Registered efivars operations
Jan 28 14:09:45 kernel: [    0.282146] NetLabel: Initializing
Jan 28 14:09:45 kernel: [    0.282147] NetLabel:  domain hash size = 128
Jan 28 14:09:45 kernel: [    0.282147] NetLabel:  protocols = UNLABELED CIPSOv4 CALIPSO
Jan 28 14:09:45 kernel: [    0.282159] NetLabel:  unlabeled traffic allowed by default
Jan 28 14:09:45 kernel: [    0.282160] PCI: Using ACPI for IRQ routing
Jan 28 14:09:45 kernel: [    0.307950] PCI: pci_cache_line_size set to 64 bytes
Jan 28 14:09:45 kernel: [    0.307987] e820: reserve RAM buffer [mem 0x00058000-0x0005ffff]
Jan 28 14:09:45 kernel: [    0.307988] e820: reserve RAM buffer [mem 0x0009e000-0x0009ffff]
Jan 28 14:09:45 kernel: [    0.307989] e820: reserve RAM buffer [mem 0x783eb000-0x7bffffff]
Jan 28 14:09:45 kernel: [    0.307989] e820: reserve RAM buffer [mem 0x7c48d000-0x7fffffff]
Jan 28 14:09:45 kernel: [    0.307991] e820: reserve RAM buffer [mem 0x7cad4000-0x7fffffff]
Jan 28 14:09:45 kernel: [    0.307992] e820: reserve RAM buffer [mem 0x7e33b000-0x7fffffff]
Jan 28 14:09:45 kernel: [    0.307992] e820: reserve RAM buffer [mem 0x7eb2d000-0x7fffffff]
Jan 28 14:09:45 kernel: [    0.307993] e820: reserve RAM buffer [mem 0x7f400000-0x7fffffff]
Jan 28 14:09:45 kernel: [    0.307994] e820: reserve RAM buffer [mem 0x46f000000-0x46fffffff]
Jan 28 14:09:45 kernel: [    0.308019] hpet0: at MMIO 0xfed00000, IRQs 2, 8, 0, 0, 0, 0, 0, 0
Jan 28 14:09:45 kernel: [    0.308024] hpet0: 8 comparators, 64-bit 24.000000 MHz counter
Jan 28 14:09:45 kernel: [    0.310051] clocksource: Switched to clocksource tsc-early
Jan 28 14:09:45 kernel: [    0.317889] VFS: Disk quotas dquot_6.6.0
Jan 28 14:09:45 kernel: [    0.317900] VFS: Dquot-cache hash table entries: 512 (order 0, 4096 bytes)
Jan 28 14:09:45 kernel: [    0.317993] AppArmor: AppArmor Filesystem Enabled
Jan 28 14:09:45 kernel: [    0.318005] pnp: PnP ACPI init
Jan 28 14:09:45 kernel: [    0.318282] system 00:00: [io  0x0280-0x028f] has been reserved
Jan 28 14:09:45 kernel: [    0.318283] system 00:00: [io  0x0290-0x029f] has been reserved
Jan 28 14:09:45 kernel: [    0.318284] system 00:00: [io  0x02a0-0x02af] has been reserved
Jan 28 14:09:45 kernel: [    0.318285] system 00:00: [io  0x02b0-0x02bf] has been reserved
Jan 28 14:09:45 kernel: [    0.318289] system 00:00: Plug and Play ACPI device, IDs PNP0c02 (active)
Jan 28 14:09:45 kernel: [    0.318480] pnp 00:01: [dma 0 disabled]
Jan 28 14:09:45 kernel: [    0.318511] pnp 00:01: Plug and Play ACPI device, IDs PNP0501 (active)
Jan 28 14:09:45 kernel: [    0.318609] system 00:02: [io  0x0680-0x069f] has been reserved
Jan 28 14:09:45 kernel: [    0.318611] system 00:02: [io  0xffff] has been reserved
Jan 28 14:09:45 kernel: [    0.318612] system 00:02: [io  0xffff] has been reserved
Jan 28 14:09:45 kernel: [    0.318613] system 00:02: [io  0xffff] has been reserved
Jan 28 14:09:45 kernel: [    0.318614] system 00:02: [io  0x1800-0x18fe] has been reserved
Jan 28 14:09:45 kernel: [    0.318615] system 00:02: [io  0x164e-0x164f] has been reserved
Jan 28 14:09:45 kernel: [    0.318617] system 00:02: Plug and Play ACPI device, IDs PNP0c02 (active)
Jan 28 14:09:45 kernel: [    0.318688] system 00:03: [io  0x0800-0x087f] has been reserved
Jan 28 14:09:45 kernel: [    0.318691] system 00:03: Plug and Play ACPI device, IDs PNP0c02 (active)
Jan 28 14:09:45 kernel: [    0.318704] pnp 00:04: Plug and Play ACPI device, IDs PNP0b00 (active)
Jan 28 14:09:45 kernel: [    0.318730] system 00:05: [io  0x1854-0x1857] has been reserved
Jan 28 14:09:45 kernel: [    0.318733] system 00:05: Plug and Play ACPI device, IDs INT3f0d PNP0c02 (active)
Jan 28 14:09:45 kernel: [    0.318927] system 00:06: [mem 0xfed10000-0xfed17fff] has been reserved
Jan 28 14:09:45 kernel: [    0.318928] system 00:06: [mem 0xfed18000-0xfed18fff] has been reserved
Jan 28 14:09:45 kernel: [    0.318929] system 00:06: [mem 0xfed19000-0xfed19fff] has been reserved
Jan 28 14:09:45 kernel: [    0.318930] system 00:06: [mem 0xe0000000-0xefffffff] has been reserved
Jan 28 14:09:45 kernel: [    0.318931] system 00:06: [mem 0xfed20000-0xfed3ffff] has been reserved
Jan 28 14:09:45 kernel: [    0.318932] system 00:06: [mem 0xfed90000-0xfed93fff] could not be reserved
Jan 28 14:09:45 kernel: [    0.318933] system 00:06: [mem 0xfed45000-0xfed8ffff] has been reserved
Jan 28 14:09:45 kernel: [    0.318934] system 00:06: [mem 0xff000000-0xffffffff] has been reserved
Jan 28 14:09:45 kernel: [    0.318935] system 00:06: [mem 0xfee00000-0xfeefffff] could not be reserved
Jan 28 14:09:45 kernel: [    0.318936] system 00:06: [mem 0xdffe0000-0xdfffffff] has been reserved
Jan 28 14:09:45 kernel: [    0.318939] system 00:06: Plug and Play ACPI device, IDs PNP0c02 (active)
Jan 28 14:09:45 kernel: [    0.318969] system 00:07: [mem 0xfd000000-0xfdabffff] has been reserved
Jan 28 14:09:45 kernel: [    0.318971] system 00:07: [mem 0xfdad0000-0xfdadffff] has been reserved
Jan 28 14:09:45 kernel: [    0.318972] system 00:07: [mem 0xfdb00000-0xfdffffff] has been reserved
Jan 28 14:09:45 kernel: [    0.318973] system 00:07: [mem 0xfe000000-0xfe01ffff] could not be reserved
Jan 28 14:09:45 kernel: [    0.318974] system 00:07: [mem 0xfe036000-0xfe03bfff] has been reserved
Jan 28 14:09:45 kernel: [    0.318975] system 00:07: [mem 0xfe03d000-0xfe3fffff] has been reserved
Jan 28 14:09:45 kernel: [    0.318976] system 00:07: [mem 0xfe410000-0xfe7fffff] has been reserved
Jan 28 14:09:45 kernel: [    0.318978] system 00:07: Plug and Play ACPI device, IDs PNP0c02 (active)
Jan 28 14:09:45 kernel: [    0.319220] system 00:08: [io  0xff00-0xfffe] has been reserved
Jan 28 14:09:45 kernel: [    0.319223] system 00:08: Plug and Play ACPI device, IDs PNP0c02 (active)
Jan 28 14:09:45 kernel: [    0.320179] system 00:09: [mem 0xfdaf0000-0xfdafffff] has been reserved
Jan 28 14:09:45 kernel: [    0.320180] system 00:09: [mem 0xfdae0000-0xfdaeffff] has been reserved
Jan 28 14:09:45 kernel: [    0.320181] system 00:09: [mem 0xfdac0000-0xfdacffff] has been reserved
Jan 28 14:09:45 kernel: [    0.320183] system 00:09: Plug and Play ACPI device, IDs PNP0c02 (active)
Jan 28 14:09:45 kernel: [    0.320712] pnp: PnP ACPI: found 10 devices
Jan 28 14:09:45 kernel: [    0.326171] clocksource: acpi_pm: mask: 0xffffff max_cycles: 0xffffff, max_idle_ns: 2085701024 ns
Jan 28 14:09:45 kernel: [    0.326216] NET: Registered protocol family 2
Jan 28 14:09:45 kernel: [    0.326320] IP idents hash table entries: 262144 (order: 9, 2097152 bytes, linear)
Jan 28 14:09:45 kernel: [    0.327786] tcp_listen_portaddr_hash hash table entries: 8192 (order: 5, 131072 bytes, linear)
Jan 28 14:09:45 kernel: [    0.327854] TCP established hash table entries: 131072 (order: 8, 1048576 bytes, linear)
Jan 28 14:09:45 kernel: [    0.327980] TCP bind hash table entries: 65536 (order: 8, 1048576 bytes, linear)
Jan 28 14:09:45 kernel: [    0.328032] TCP: Hash tables configured (established 131072 bind 65536)
Jan 28 14:09:45 kernel: [    0.328073] UDP hash table entries: 8192 (order: 6, 262144 bytes, linear)
Jan 28 14:09:45 kernel: [    0.328104] UDP-Lite hash table entries: 8192 (order: 6, 262144 bytes, linear)
Jan 28 14:09:45 kernel: [    0.328152] NET: Registered protocol family 1
Jan 28 14:09:45 kernel: [    0.328156] NET: Registered protocol family 44
Jan 28 14:09:45 kernel: [    0.328164] pci 0000:00:1c.0: PCI bridge to [bus 01]
Jan 28 14:09:45 kernel: [    0.328172] pci 0000:00:1d.0: PCI bridge to [bus 02]
Jan 28 14:09:45 kernel: [    0.328175] pci 0000:00:1d.0:   bridge window [mem 0xdf000000-0xdf0fffff]
Jan 28 14:09:45 kernel: [    0.328180] pci_bus 0000:00: resource 4 [io  0x0000-0x0cf7 window]
Jan 28 14:09:45 kernel: [    0.328181] pci_bus 0000:00: resource 5 [io  0x0d00-0xffff window]
Jan 28 14:09:45 kernel: [    0.328182] pci_bus 0000:00: resource 6 [mem 0x000a0000-0x000bffff window]
Jan 28 14:09:45 kernel: [    0.328183] pci_bus 0000:00: resource 7 [mem 0x000c0000-0x000c3fff window]
Jan 28 14:09:45 kernel: [    0.328184] pci_bus 0000:00: resource 8 [mem 0x000c4000-0x000c7fff window]
Jan 28 14:09:45 kernel: [    0.328185] pci_bus 0000:00: resource 9 [mem 0x000c8000-0x000cbfff window]
Jan 28 14:09:45 kernel: [    0.328186] pci_bus 0000:00: resource 10 [mem 0x000cc000-0x000cffff window]
Jan 28 14:09:45 kernel: [    0.328186] pci_bus 0000:00: resource 11 [mem 0x000d0000-0x000d3fff window]
Jan 28 14:09:45 kernel: [    0.328187] pci_bus 0000:00: resource 12 [mem 0x000d4000-0x000d7fff window]
Jan 28 14:09:45 kernel: [    0.328188] pci_bus 0000:00: resource 13 [mem 0x000d8000-0x000dbfff window]
Jan 28 14:09:45 kernel: [    0.328189] pci_bus 0000:00: resource 14 [mem 0x000dc000-0x000dffff window]
Jan 28 14:09:45 kernel: [    0.328190] pci_bus 0000:00: resource 15 [mem 0x000e0000-0x000e3fff window]
Jan 28 14:09:45 kernel: [    0.328191] pci_bus 0000:00: resource 16 [mem 0x000e4000-0x000e7fff window]
Jan 28 14:09:45 kernel: [    0.328192] pci_bus 0000:00: resource 17 [mem 0x000e8000-0x000ebfff window]
Jan 28 14:09:45 kernel: [    0.328192] pci_bus 0000:00: resource 18 [mem 0x000ec000-0x000effff window]
Jan 28 14:09:45 kernel: [    0.328193] pci_bus 0000:00: resource 19 [mem 0x90000000-0xdfffffff window]
Jan 28 14:09:45 kernel: [    0.328194] pci_bus 0000:00: resource 20 [mem 0xfd000000-0xfe7fffff window]
Jan 28 14:09:45 kernel: [    0.328195] pci_bus 0000:02: resource 1 [mem 0xdf000000-0xdf0fffff]
Jan 28 14:09:45 kernel: [    0.328302] pci 0000:00:02.0: Video device with shadowed ROM at [mem 0x000c0000-0x000dffff]
Jan 28 14:09:45 kernel: [    0.328510] PCI: CLS 64 bytes, default 64
Jan 28 14:09:45 kernel: [    0.328545] Trying to unpack rootfs image as initramfs...
Jan 28 14:09:45 kernel: [    0.534851] Freeing initrd memory: 17440K
Jan 28 14:09:45 kernel: [    0.534887] DMAR: No ATSR found
Jan 28 14:09:45 kernel: [    0.534919] DMAR: dmar0: Using Queued invalidation
Jan 28 14:09:45 kernel: [    0.534921] DMAR: dmar1: Using Queued invalidation
Jan 28 14:09:45 kernel: [    0.535159] pci 0000:00:00.0: Adding to iommu group 0
Jan 28 14:09:45 kernel: [    0.535166] pci 0000:00:02.0: Adding to iommu group 1
Jan 28 14:09:45 kernel: [    0.535177] pci 0000:00:14.0: Adding to iommu group 2
Jan 28 14:09:45 kernel: [    0.535182] pci 0000:00:14.2: Adding to iommu group 2
Jan 28 14:09:45 kernel: [    0.535189] pci 0000:00:16.0: Adding to iommu group 3
Jan 28 14:09:45 kernel: [    0.535196] pci 0000:00:17.0: Adding to iommu group 4
Jan 28 14:09:45 kernel: [    0.535204] pci 0000:00:1c.0: Adding to iommu group 5
Jan 28 14:09:45 kernel: [    0.535212] pci 0000:00:1d.0: Adding to iommu group 6
Jan 28 14:09:45 kernel: [    0.535225] pci 0000:00:1f.0: Adding to iommu group 7
Jan 28 14:09:45 kernel: [    0.535231] pci 0000:00:1f.2: Adding to iommu group 7
Jan 28 14:09:45 kernel: [    0.535237] pci 0000:00:1f.3: Adding to iommu group 7
Jan 28 14:09:45 kernel: [    0.535243] pci 0000:00:1f.4: Adding to iommu group 7
Jan 28 14:09:45 kernel: [    0.535250] pci 0000:00:1f.6: Adding to iommu group 8
Jan 28 14:09:45 kernel: [    0.535257] pci 0000:02:00.0: Adding to iommu group 9
Jan 28 14:09:45 kernel: [    0.536913] DMAR: Intel(R) Virtualization Technology for Directed I/O
Jan 28 14:09:45 kernel: [    0.536914] PCI-DMA: Using software bounce buffering for IO (SWIOTLB)
Jan 28 14:09:45 kernel: [    0.536915] software IO TLB: mapped [mem 0x0000000074052000-0x0000000078052000] (64MB)
Jan 28 14:09:45 kernel: [    0.537319] Initialise system trusted keyrings
Jan 28 14:09:45 kernel: [    0.537326] Key type blacklist registered
Jan 28 14:09:45 kernel: [    0.537350] workingset: timestamp_bits=36 max_order=22 bucket_order=0
Jan 28 14:09:45 kernel: [    0.538358] zbud: loaded
Jan 28 14:09:45 kernel: [    0.538480] integrity: Platform Keyring initialized
Jan 28 14:09:45 kernel: [    0.538482] Key type asymmetric registered
Jan 28 14:09:45 kernel: [    0.538483] Asymmetric key parser 'x509' registered
Jan 28 14:09:45 kernel: [    0.538488] Block layer SCSI generic (bsg) driver version 0.4 loaded (major 251)
Jan 28 14:09:45 kernel: [    0.538512] io scheduler mq-deadline registered
Jan 28 14:09:45 kernel: [    0.539214] shpchp: Standard Hot Plug PCI Controller Driver version: 0.4
Jan 28 14:09:45 kernel: [    0.539223] efifb: probing for efifb
Jan 28 14:09:45 kernel: [    0.539236] efifb: framebuffer at 0xc0000000, using 3072k, total 3072k
Jan 28 14:09:45 kernel: [    0.539237] efifb: mode is 1024x768x32, linelength=4096, pages=1
Jan 28 14:09:45 kernel: [    0.539238] efifb: scrolling: redraw
Jan 28 14:09:45 kernel: [    0.539239] efifb: Truecolor: size=8:8:8:8, shift=24:16:8:0
Jan 28 14:09:45 kernel: [    0.539300] Console: switching to colour frame buffer device 128x48
Jan 28 14:09:45 kernel: [    0.540313] fb0: EFI VGA frame buffer device
Jan 28 14:09:45 kernel: [    0.540319] intel_idle: MWAIT substates: 0x142120
Jan 28 14:09:45 kernel: [    0.540320] intel_idle: v0.5.1 model 0x5E
Jan 28 14:09:45 kernel: [    0.540658] intel_idle: Local APIC timer is reliable in all C-states
Jan 28 14:09:45 kernel: [    0.541293] Serial: 8250/16550 driver, 4 ports, IRQ sharing enabled
Jan 28 14:09:45 kernel: [    0.541598] 00:01: ttyS0 at I/O 0x3f8 (irq = 4, base_baud = 115200) is a 16550A
Jan 28 14:09:45 kernel: [    0.543148] Linux agpgart interface v0.103
Jan 28 14:09:45 kernel: [    0.543172] AMD-Vi: AMD IOMMUv2 functionality not available on this system - This is not a bug.
Jan 28 14:09:45 kernel: [    0.543586] i8042: PNP: No PS/2 controller found.
Jan 28 14:09:45 kernel: [    0.543618] mousedev: PS/2 mouse device common for all mice
Jan 28 14:09:45 kernel: [    0.543633] rtc_cmos 00:04: RTC can wake from S4
Jan 28 14:09:45 kernel: [    0.544270] rtc_cmos 00:04: registered as rtc0
Jan 28 14:09:45 kernel: [    0.544430] rtc_cmos 00:04: setting system clock to 2024-01-28T14:09:44 UTC (1706450984)
Jan 28 14:09:45 kernel: [    0.544449] rtc_cmos 00:04: alarms up to one month, y3k, 242 bytes nvram
Jan 28 14:09:45 kernel: [    0.544455] intel_pstate: Intel P-state driver initializing
Jan 28 14:09:45 kernel: [    0.544814] intel_pstate: HWP enabled
Jan 28 14:09:45 kernel: [    0.544998] ledtrig-cpu: registered to indicate activity on CPUs
Jan 28 14:09:45 kernel: [    0.545206] NET: Registered protocol family 10
Jan 28 14:09:45 kernel: [    0.548356] Segment Routing with IPv6
Jan 28 14:09:45 kernel: [    0.548400] mip6: Mobile IPv6
Jan 28 14:09:45 kernel: [    0.548401] NET: Registered protocol family 17
Jan 28 14:09:45 kernel: [    0.548513] mpls_gso: MPLS GSO support
Jan 28 14:09:45 kernel: [    0.549159] microcode: sig=0x506e3, pf=0x2, revision=0xc2
Jan 28 14:09:45 kernel: [    0.549332] microcode: Microcode Update Driver: v2.2.
Jan 28 14:09:45 kernel: [    0.549334] IPI shorthand broadcast: enabled
Jan 28 14:09:45 kernel: [    0.549357] sched_clock: Marking stable (548717925, 364298)->(552822960, -3740737)
Jan 28 14:09:45 kernel: [    0.549589] registered taskstats version 1
Jan 28 14:09:45 kernel: [    0.549591] Loading compiled-in X.509 certificates
Jan 28 14:09:45 kernel: [    0.570395] Loaded X.509 cert 'Debian Secure Boot CA: 6ccece7e4c6c0d1f6149f3dd27dfcc5cbb419ea1'
Jan 28 14:09:45 kernel: [    0.570404] Loaded X.509 cert 'Debian Secure Boot Signer 2022 - linux: 14011249c2675ea8e5148542202005810584b25f'
Jan 28 14:09:45 kernel: [    0.570423] zswap: loaded using pool lzo/zbud
Jan 28 14:09:45 kernel: [    0.570848] Key type .fscrypt registered
Jan 28 14:09:45 kernel: [    0.570849] Key type fscrypt-provisioning registered
Jan 28 14:09:45 kernel: [    0.570884] AppArmor: AppArmor sha1 policy hashing enabled
Jan 28 14:09:45 kernel: [    0.572017] integrity: Loading X.509 certificate: UEFI:db
Jan 28 14:09:45 kernel: [    0.572062] integrity: Loaded X.509 cert 'Microsoft Corporation UEFI CA 2011: 13adbf4309bd82709c8cd54f316ed522988a1bd4'
Jan 28 14:09:45 kernel: [    0.572062] integrity: Loading X.509 certificate: UEFI:db
Jan 28 14:09:45 kernel: [    0.572073] integrity: Loaded X.509 cert 'Microsoft Windows Production PCA 2011: a92902398e16c49778cd90f99e4f9ae17c55af53'
Jan 28 14:09:45 kernel: [    0.574148] Freeing unused decrypted memory: 2036K
Jan 28 14:09:45 kernel: [    0.574529] Freeing unused kernel image (initmem) memory: 2668K
Jan 28 14:09:45 kernel: [    0.602201] Write protecting the kernel read-only data: 22528k
Jan 28 14:09:45 kernel: [    0.602723] Freeing unused kernel image (text/rodata gap) memory: 2040K
Jan 28 14:09:45 kernel: [    0.602908] Freeing unused kernel image (rodata/data gap) memory: 624K
Jan 28 14:09:45 kernel: [    0.646857] x86/mm: Checked W+X mappings: passed, no W+X pages found.
Jan 28 14:09:45 kernel: [    0.646857] x86/mm: Checking user space page tables
Jan 28 14:09:45 kernel: [    0.680500] x86/mm: Checked W+X mappings: passed, no W+X pages found.
Jan 28 14:09:45 kernel: [    0.680503] Run /init as init process
Jan 28 14:09:45 kernel: [    0.680504]   with arguments:
Jan 28 14:09:45 kernel: [    0.680504]     /init
Jan 28 14:09:45 kernel: [    0.680504]   with environment:
Jan 28 14:09:45 kernel: [    0.680505]     HOME=/
Jan 28 14:09:45 kernel: [    0.680505]     TERM=linux
Jan 28 14:09:45 kernel: [    0.680506]     BOOT_IMAGE=/install/vmlinuz
Jan 28 14:09:45 kernel: [    0.680506]     vga=normal
Jan 28 14:09:45 kernel: [    0.680507]     file=/cdrom/install/preseed.cfg
Jan 28 14:09:45 kernel: [    0.745422] ACPI: bus type USB registered
Jan 28 14:09:45 kernel: [    0.745436] usbcore: registered new interface driver usbfs
Jan 28 14:09:45 kernel: [    0.745441] usbcore: registered new interface driver hub
Jan 28 14:09:45 kernel: [    0.745448] usbcore: registered new device driver usb
Jan 28 14:09:45 kernel: [    0.746660] nvme nvme0: pci function 0000:02:00.0
Jan 28 14:09:45 kernel: [    0.746666] SCSI subsystem initialized
Jan 28 14:09:45 kernel: [    0.752718] nvme nvme0: missing or invalid SUBNQN field.
Jan 28 14:09:45 kernel: [    0.752735] nvme nvme0: Shutdown timeout set to 8 seconds
Jan 28 14:09:45 kernel: [    0.764874] nvme nvme0: 8/0/0 default/read/poll queues
Jan 28 14:09:45 kernel: [    0.803463] xhci_hcd 0000:00:14.0: xHCI Host Controller
Jan 28 14:09:45 kernel: [    0.803471] xhci_hcd 0000:00:14.0: new USB bus registered, assigned bus number 1
Jan 28 14:09:45 kernel: [    0.804579] xhci_hcd 0000:00:14.0: hcc params 0x200077c1 hci version 0x100 quirks 0x0000000000009810
Jan 28 14:09:45 kernel: [    0.804585] xhci_hcd 0000:00:14.0: cache line size of 64 is not supported
Jan 28 14:09:45 kernel: [    0.804847] xhci_hcd 0000:00:14.0: xHCI Host Controller
Jan 28 14:09:45 kernel: [    0.804852] xhci_hcd 0000:00:14.0: new USB bus registered, assigned bus number 2
Jan 28 14:09:45 kernel: [    0.804857] xhci_hcd 0000:00:14.0: Host supports USB 3.0 SuperSpeed
Jan 28 14:09:45 kernel: [    0.804909] usb usb1: New USB device found, idVendor=1d6b, idProduct=0002, bcdDevice= 5.10
Jan 28 14:09:45 kernel: [    0.804911] usb usb1: New USB device strings: Mfr=3, Product=2, SerialNumber=1
Jan 28 14:09:45 kernel: [    0.804913] usb usb1: Product: xHCI Host Controller
Jan 28 14:09:45 kernel: [    0.804915] usb usb1: Manufacturer: Linux 5.10.0-22-amd64 xhci-hcd
Jan 28 14:09:45 kernel: [    0.804917] usb usb1: SerialNumber: 0000:00:14.0
Jan 28 14:09:45 kernel: [    0.805078] hub 1-0:1.0: USB hub found
Jan 28 14:09:45 kernel: [    0.805097] hub 1-0:1.0: 12 ports detected
Jan 28 14:09:45 kernel: [    0.806855] usb usb2: New USB device found, idVendor=1d6b, idProduct=0003, bcdDevice= 5.10
Jan 28 14:09:45 kernel: [    0.806858] usb usb2: New USB device strings: Mfr=3, Product=2, SerialNumber=1
Jan 28 14:09:45 kernel: [    0.806860] usb usb2: Product: xHCI Host Controller
Jan 28 14:09:45 kernel: [    0.806862] usb usb2: Manufacturer: Linux 5.10.0-22-amd64 xhci-hcd
Jan 28 14:09:45 kernel: [    0.806864] usb usb2: SerialNumber: 0000:00:14.0
Jan 28 14:09:45 kernel: [    0.807000] hub 2-0:1.0: USB hub found
Jan 28 14:09:45 kernel: [    0.807012] hub 2-0:1.0: 6 ports detected
Jan 28 14:09:45 kernel: [    0.817664] libata version 3.00 loaded.
Jan 28 14:09:45 kernel: [    0.823145] ahci 0000:00:17.0: version 3.0
Jan 28 14:09:45 kernel: [    0.823419] ahci 0000:00:17.0: AHCI 0001.0301 32 slots 6 ports 6 Gbps 0x3f impl SATA mode
Jan 28 14:09:45 kernel: [    0.823422] ahci 0000:00:17.0: flags: 64bit ncq sntf led clo only pio slum part ems deso sadm sds apst 
Jan 28 14:09:45 kernel: [    0.889142] scsi host0: ahci
Jan 28 14:09:45 kernel: [    0.889768] scsi host1: ahci
Jan 28 14:09:45 kernel: [    0.890259] scsi host2: ahci
Jan 28 14:09:45 kernel: [    0.890816] scsi host3: ahci
Jan 28 14:09:45 kernel: [    0.891354] scsi host4: ahci
Jan 28 14:09:45 kernel: [    0.891899] scsi host5: ahci
Jan 28 14:09:45 kernel: [    0.892091] ata1: SATA max UDMA/133 abar m2048@0xdf14b000 port 0xdf14b100 irq 134
Jan 28 14:09:45 kernel: [    0.892098] ata2: SATA max UDMA/133 abar m2048@0xdf14b000 port 0xdf14b180 irq 134
Jan 28 14:09:45 kernel: [    0.892103] ata3: SATA max UDMA/133 abar m2048@0xdf14b000 port 0xdf14b200 irq 134
Jan 28 14:09:45 kernel: [    0.892108] ata4: SATA max UDMA/133 abar m2048@0xdf14b000 port 0xdf14b280 irq 134
Jan 28 14:09:45 kernel: [    0.892112] ata5: SATA max UDMA/133 abar m2048@0xdf14b000 port 0xdf14b300 irq 134
Jan 28 14:09:45 kernel: [    0.892117] ata6: SATA max UDMA/133 abar m2048@0xdf14b000 port 0xdf14b380 irq 134
Jan 28 14:09:45 kernel: [    1.062125] usb 1-2: new low-speed USB device number 2 using xhci_hcd
Jan 28 14:09:45 kernel: [    1.205006] ata3: SATA link down (SStatus 4 SControl 300)
Jan 28 14:09:45 kernel: [    1.205090] ata4: SATA link down (SStatus 4 SControl 300)
Jan 28 14:09:45 kernel: [    1.205117] ata2: SATA link down (SStatus 4 SControl 300)
Jan 28 14:09:45 kernel: [    1.205373] ata6: SATA link down (SStatus 4 SControl 300)
Jan 28 14:09:45 kernel: [    1.205427] ata5: SATA link down (SStatus 4 SControl 300)
Jan 28 14:09:45 kernel: [    1.205500] ata1: SATA link up 6.0 Gbps (SStatus 133 SControl 300)
Jan 28 14:09:45 kernel: [    1.207680] ata1.00: ATA-10: CT240BX500SSD1, M6CR056, max UDMA/133
Jan 28 14:09:45 kernel: [    1.207686] ata1.00: 468862128 sectors, multi 1: LBA48 NCQ (depth 32), AA
Jan 28 14:09:45 kernel: [    1.214447] ata1.00: configured for UDMA/133
Jan 28 14:09:45 kernel: [    1.214822] scsi 0:0:0:0: Direct-Access     ATA      CT240BX500SSD1   056  PQ: 0 ANSI: 5
Jan 28 14:09:45 kernel: [    1.215330] usb 1-2: New USB device found, idVendor=1a2c, idProduct=2d23, bcdDevice= 1.10
Jan 28 14:09:45 kernel: [    1.215337] usb 1-2: New USB device strings: Mfr=1, Product=2, SerialNumber=0
Jan 28 14:09:45 kernel: [    1.215341] usb 1-2: Product: USB Keyboard
Jan 28 14:09:45 kernel: [    1.215344] usb 1-2: Manufacturer: USB
Jan 28 14:09:45 kernel: [    1.223197] sd 0:0:0:0: [sda] 468862128 512-byte logical blocks: (240 GB/224 GiB)
Jan 28 14:09:45 kernel: [    1.223208] sd 0:0:0:0: [sda] Write Protect is off
Jan 28 14:09:45 kernel: [    1.223210] sd 0:0:0:0: [sda] Mode Sense: 00 3a 00 00
Jan 28 14:09:45 kernel: [    1.223229] sd 0:0:0:0: [sda] Write cache: enabled, read cache: enabled, doesn't support DPO or FUA
Jan 28 14:09:45 kernel: [    1.224335] hid: raw HID events driver (C) Jiri Kosina
Jan 28 14:09:45 kernel: [    1.252220]  sda: sda1
Jan 28 14:09:45 kernel: [    1.287380] sd 0:0:0:0: [sda] Attached SCSI disk
Jan 28 14:09:45 kernel: [    1.300472] usbcore: registered new interface driver usbhid
Jan 28 14:09:45 kernel: [    1.300473] usbhid: USB HID core driver
Jan 28 14:09:45 kernel: [    1.301516] input: USB USB Keyboard as /devices/pci0000:00/0000:00:14.0/usb1/1-2/1-2:1.0/0003:1A2C:2D23.0001/input/input0
Jan 28 14:09:45 kernel: [    1.338175] usb 2-6: new SuperSpeed Gen 1 USB device number 2 using xhci_hcd
Jan 28 14:09:45 kernel: [    1.358476] hid-generic 0003:1A2C:2D23.0001: input,hidraw0: USB HID v1.10 Keyboard [USB USB Keyboard] on usb-0000:00:14.0-2/input0
Jan 28 14:09:45 kernel: [    1.358947] input: USB USB Keyboard Consumer Control as /devices/pci0000:00/0000:00:14.0/usb1/1-2/1-2:1.1/0003:1A2C:2D23.0002/input/input1
Jan 28 14:09:45 kernel: [    1.358991] usb 2-6: New USB device found, idVendor=0781, idProduct=5581, bcdDevice= 1.00
Jan 28 14:09:45 kernel: [    1.358995] usb 2-6: New USB device strings: Mfr=1, Product=2, SerialNumber=3
Jan 28 14:09:45 kernel: [    1.358999] usb 2-6: Product:  SanDisk 3.2Gen1
Jan 28 14:09:45 kernel: [    1.359002] usb 2-6: Manufacturer:  USB
Jan 28 14:09:45 kernel: [    1.359005] usb 2-6: SerialNumber: 0101f8ba62e612a4e551248aeed371b075a6c2adec5cebb67fa729d48550073f89ad000000000000000000000dffed99ff00720081558107512cd2dd
Jan 28 14:09:45 kernel: [    1.373107] usb-storage 2-6:1.0: USB Mass Storage device detected
Jan 28 14:09:45 kernel: [    1.373800] scsi host6: usb-storage 2-6:1.0
Jan 28 14:09:45 kernel: [    1.374029] usbcore: registered new interface driver usb-storage
Jan 28 14:09:45 kernel: [    1.378457] usbcore: registered new interface driver uas
Jan 28 14:09:45 kernel: [    1.418241] input: USB USB Keyboard System Control as /devices/pci0000:00/0000:00:14.0/usb1/1-2/1-2:1.1/0003:1A2C:2D23.0002/input/input2
Jan 28 14:09:45 kernel: [    1.418435] hid-generic 0003:1A2C:2D23.0002: input,hidraw1: USB HID v1.10 Device [USB USB Keyboard] on usb-0000:00:14.0-2/input1
Jan 28 14:09:45 kernel: [    1.486075] usb 1-11: new high-speed USB device number 3 using xhci_hcd
Jan 28 14:09:45 kernel: [    1.546055] tsc: Refined TSC clocksource calibration: 3408.000 MHz
Jan 28 14:09:45 kernel: [    1.546062] clocksource: tsc: mask: 0xffffffffffffffff max_cycles: 0x311fd3cd494, max_idle_ns: 440795223879 ns
Jan 28 14:09:45 kernel: [    1.546088] clocksource: Switched to clocksource tsc
Jan 28 14:09:45 kernel: [    1.639458] usb 1-11: New USB device found, idVendor=05e3, idProduct=0608, bcdDevice=88.32
Jan 28 14:09:45 kernel: [    1.639460] usb 1-11: New USB device strings: Mfr=0, Product=1, SerialNumber=0
Jan 28 14:09:45 kernel: [    1.639461] usb 1-11: Product: USB2.0 Hub
Jan 28 14:09:45 kernel: [    1.640263] hub 1-11:1.0: USB hub found
Jan 28 14:09:45 kernel: [    1.640572] hub 1-11:1.0: 4 ports detected
Jan 28 14:09:45 entropy-source: haveged not needed: rdrand CPU flag detected
Jan 28 14:09:45 reopen-console: Looking at console tty0 from /proc/consoles
Jan 28 14:09:45 reopen-console:    Adding tty0 to possible consoles list
Jan 28 14:09:45 reopen-console:    tty0 is preferred
Jan 28 14:09:45 reopen-console: Adding inittab entry for tty0
Jan 28 14:09:45 reopen-console: Restarting init to start d-i on the console(s) we found
Jan 28 14:09:45 init: reloading /etc/inittab
Jan 28 14:09:45 init: starting pid 298, tty '/dev/tty4': '/usr/bin/tail -f /var/log/syslog'
Jan 28 14:09:45 init: starting pid 299, tty '/dev/tty0': '/sbin/debian-installer'
Jan 28 14:09:45 debconf: Setting debconf/language to en
Jan 28 14:09:45 main-menu[315]: INFO: Falling back to the package description for brltty-udeb
Jan 28 14:09:45 main-menu[315]: INFO: Menu item 'localechooser' selected
Jan 28 14:09:46 debconf: Setting debconf/language to en
Jan 28 14:09:46 kernel: [    2.378787] scsi 6:0:0:0: Direct-Access      USB      SanDisk 3.2Gen1 1.00 PQ: 0 ANSI: 6
Jan 28 14:09:46 kernel: [    2.379896] sd 6:0:0:0: [sdb] 60088320 512-byte logical blocks: (30.8 GB/28.7 GiB)
Jan 28 14:09:46 kernel: [    2.380181] sd 6:0:0:0: [sdb] Write Protect is off
Jan 28 14:09:46 kernel: [    2.380188] sd 6:0:0:0: [sdb] Mode Sense: 43 00 00 00
Jan 28 14:09:46 kernel: [    2.380765] sd 6:0:0:0: [sdb] Write cache: disabled, read cache: enabled, doesn't support DPO or FUA
Jan 28 14:09:46 kernel: [    2.404696]  sdb: sdb1
Jan 28 14:09:46 kernel: [    2.439412] sd 6:0:0:0: [sdb] Attached SCSI removable disk
Jan 28 14:09:48 localechooser: info: Language = 'en'
Jan 28 14:09:48 localechooser: info: line=en;0;US;en_US.UTF-8;;console-setup
Jan 28 14:09:48 localechooser: info: Set debian-installer/language = 'en'
Jan 28 14:09:48 localechooser: info: Default country = 'US'
Jan 28 14:09:48 localechooser: info: Default locale = 'en_US.UTF-8'
Jan 28 14:09:48 localechooser: info: Set debian-installer/consoledisplay = 'console-setup'
Jan 28 14:09:48 debconf: Setting debconf/language to en
Jan 28 14:09:52 localechooser: info: Set debian-installer/country = 'GB'
Jan 28 14:09:53 localechooser: info: Set debian-installer/locale = 'en_GB.UTF-8'
Jan 28 14:09:53 localechooser: info: System locale (debian-installer/locale) = 'en_GB.UTF-8'
Jan 28 14:09:53 localechooser: info: Set debian-installer/language = 'en_GB:en'
Jan 28 14:09:53 debconf: Setting debconf/language to en_GB:en
Jan 28 14:09:53 main-menu[315]: INFO: Falling back to the package description for brltty-udeb
Jan 28 14:09:53 main-menu[315]: INFO: Falling back to the package description for brltty-udeb
Jan 28 14:09:53 main-menu[315]: INFO: Falling back to the package description for brltty-udeb
Jan 28 14:09:53 main-menu[315]: INFO: Menu item 'brltty-udeb' selected
Jan 28 14:09:53 main-menu[315]: WARNING **: Unable to set title for brltty-udeb.
Jan 28 14:09:53 main-menu[315]: INFO: Falling back to the package description for brltty-udeb
Jan 28 14:09:53 main-menu[315]: INFO: Falling back to the package description for brltty-udeb
Jan 28 14:09:53 main-menu[315]: INFO: Menu item 'console-setup-udeb' selected
Jan 28 14:09:58 main-menu[315]: (process:1286): setupcon: gzip is not accessible. Will not save cached keyboard map.
Jan 28 14:09:58 main-menu[315]: (process:1286): setupcon: gzip is not accessible. Will not save cached keyboard map.
Jan 28 14:09:58 main-menu[315]: (process:1286): setupcon: gzip is not accessible. Will not save cached keyboard map.
Jan 28 14:09:58 main-menu[315]: (process:1286): setupcon: gzip is not accessible. Will not save cached keyboard map.
Jan 28 14:09:58 main-menu[315]: (process:1286): /bin/setupcon: line 722: can't create /etc/console-setup/cached_setup_keyboard.sh: nonexistent directory
Jan 28 14:09:58 main-menu[315]: (process:1286): /bin/setupcon: line 730: can't create /etc/console-setup/cached_setup_font.sh: nonexistent directory
Jan 28 14:09:58 main-menu[315]: (process:1286): /bin/setupcon: line 748: can't create /etc/console-setup/cached_setup_terminal.sh: nonexistent directory
Jan 28 14:09:58 main-menu[315]: (process:1286): chmod: /etc/console-setup/cached_setup_keyboard.sh: No such file or directory
Jan 28 14:09:58 main-menu[315]: (process:1286): chmod: /etc/console-setup/cached_setup_font.sh: No such file or directory
Jan 28 14:09:58 main-menu[315]: (process:1286): chmod: /etc/console-setup/cached_setup_terminal.sh: No such file or directory
Jan 28 14:09:58 main-menu[315]: INFO: Falling back to the package description for brltty-udeb
Jan 28 14:09:58 main-menu[315]: INFO: Falling back to the package description for brltty-udeb
Jan 28 14:09:58 main-menu[315]: INFO: Menu item 'cdrom-detect' selected
Jan 28 14:09:58 net/hw-detect.hotplug: Detected hotpluggable network interface lo
Jan 28 14:09:58 apt-install: Queueing package udev for later installation
Jan 28 14:09:58 apt-install: Queueing package pciutils for later installation
Jan 28 14:09:58 apt-install: Queueing package usbutils for later installation
Jan 28 14:09:58 hw-detect: skipping check-missing-firmware as requested by the caller
Jan 28 14:09:59 cdrom-detect: Searching for Debian installation media...
Jan 28 14:09:59 cdrom-detect: Devices: ''
Jan 28 14:10:00 cdrom-detect: Devices: ''
Jan 28 14:10:01 cdrom-detect: Devices: ''
Jan 28 14:10:02 cdrom-detect: Devices: ''
Jan 28 14:10:03 cdrom-detect: Devices: ''
Jan 28 14:10:04 cdrom-detect: Devices: ''
Jan 28 14:10:05 cdrom-detect: Devices: ''
Jan 28 14:10:06 cdrom-detect: Devices: ''
Jan 28 14:10:08 cdrom-detect: Devices: ''
Jan 28 14:10:09 cdrom-detect: CD-ROM mount failed: device=/dev/sdb1 fstype=iso9660
Jan 28 14:10:09 cdrom-detect: CD-ROM mount succeeded: device=/dev/sdb1 fstype=vfat
Jan 28 14:10:09 cdrom-detect: Detected CD 'Debian GNU/Linux 11 "Bullseye" - Official Snapshot amd64 LIVE/INSTALL Binary 20230724-12:07'
Jan 28 14:10:09 cdrom-detect: Detected CD with 'bullseye' (bullseye) distribution
Jan 28 14:10:09 anna-install: Queueing udeb eject-udeb for later installation
Jan 28 14:10:09 anna-install: Queueing udeb apt-mirror-setup for later installation
Jan 28 14:10:09 anna-install: Queueing udeb apt-cdrom-setup for later installation
Jan 28 14:10:09 anna-install: Queueing udeb bullseye-support for later installation
Jan 28 14:10:09 main-menu[315]: (process:1599): mount: mounting /dev/sdb1 on /cdrom failed: Invalid argument
Jan 28 14:10:09 main-menu[315]: INFO: Falling back to the package description for brltty-udeb
Jan 28 14:10:09 main-menu[315]: INFO: Falling back to the package description for brltty-udeb
Jan 28 14:10:09 main-menu[315]: INFO: Menu item 'file-preseed' selected
Jan 28 14:10:16 preseed: successfully loaded preseed file from file:///cdrom/install/preseed.cfg
Jan 28 14:10:16 preseed: running preseed command preseed/early_command: anna-install openmediavault-installer
Jan 28 14:10:16 anna-install: Queueing udeb openmediavault-installer for later installation
Jan 28 14:10:16 main-menu[315]: (process:2764): mount: mounting /dev/nvme0n1 on /media failed: Invalid argument
Jan 28 14:10:16 main-menu[315]: (process:2764): umount: can't unmount /media: Invalid argument
Jan 28 14:10:16 main-menu[315]: (process:2764): mount: mounting /dev/nvme0n1 on /media failed: Invalid argument
Jan 28 14:10:16 main-menu[315]: (process:2764): mount: mounting /dev/sda on /media failed: Invalid argument
Jan 28 14:10:16 main-menu[315]: (process:2764): umount: can't unmount /media: Invalid argument
Jan 28 14:10:16 main-menu[315]: (process:2764): mount: mounting /dev/sda on /media failed: Invalid argument
Jan 28 14:10:16 main-menu[315]: (process:2764): mount: mounting /dev/sdb on /media failed: Device or resource busy
Jan 28 14:10:16 main-menu[315]: (process:2764): umount: can't unmount /media: Invalid argument
Jan 28 14:10:16 main-menu[315]: (process:2764): mount: mounting /dev/sdb on /media failed: Device or resource busy
Jan 28 14:10:16 main-menu[315]: (process:2764): mount: mounting /dev/sda1 on /media failed: Invalid argument
Jan 28 14:10:16 main-menu[315]: (process:2764): umount: can't unmount /media: Invalid argument
Jan 28 14:10:16 main-menu[315]: (process:2764): mount: mounting /dev/sda1 on /media failed: Invalid argument
Jan 28 14:10:16 main-menu[315]: (process:2764): mount: mounting /dev/sdb1 on /media failed: Device or resource busy
Jan 28 14:10:16 main-menu[315]: (process:2764): umount: can't unmount /media: Invalid argument
Jan 28 14:10:16 main-menu[315]: (process:2764): mount: mounting /dev/sdb1 on /media failed: Device or resource busy
Jan 28 14:10:16 main-menu[315]: (process:2764): mount: mounting /dev/nvme0n1 on /media failed: Invalid argument
Jan 28 14:10:16 main-menu[315]: (process:2764): umount: can't unmount /media: Invalid argument
Jan 28 14:10:16 main-menu[315]: (process:2764): mount: mounting /dev/nvme0n1 on /media failed: Invalid argument
Jan 28 14:10:16 main-menu[315]: (process:2764): mount: mounting /dev/sda on /media failed: Invalid argument
Jan 28 14:10:16 main-menu[315]: (process:2764): umount: can't unmount /media: Invalid argument
Jan 28 14:10:16 main-menu[315]: (process:2764): mount: mounting /dev/sda on /media failed: Invalid argument
Jan 28 14:10:16 main-menu[315]: (process:2764): mount: mounting /dev/sdb on /media failed: Device or resource busy
Jan 28 14:10:16 main-menu[315]: (process:2764): umount: can't unmount /media: Invalid argument
Jan 28 14:10:16 main-menu[315]: (process:2764): mount: mounting /dev/sdb on /media failed: Device or resource busy
Jan 28 14:10:16 main-menu[315]: (process:2764): mount: mounting /dev/sda1 on /media failed: Invalid argument
Jan 28 14:10:16 main-menu[315]: (process:2764): umount: can't unmount /media: Invalid argument
Jan 28 14:10:16 main-menu[315]: (process:2764): mount: mounting /dev/sda1 on /media failed: Invalid argument
Jan 28 14:10:16 main-menu[315]: (process:2764): mount: mounting /dev/sdb1 on /media failed: Device or resource busy
Jan 28 14:10:16 main-menu[315]: (process:2764): umount: can't unmount /media: Invalid argument
Jan 28 14:10:16 main-menu[315]: (process:2764): mount: mounting /dev/sdb1 on /media failed: Device or resource busy
Jan 28 14:10:16 main-menu[315]: (process:2764): mount: mounting /dev/fd0 on /media failed: No such file or directory
Jan 28 14:10:16 main-menu[315]: (process:2764): umount: can't unmount /media: Invalid argument
Jan 28 14:10:16 main-menu[315]: (process:2764): mount: mounting /dev/fd0 on /media failed: No such file or directory
Jan 28 14:10:16 main-menu[315]: INFO: Falling back to the package description for brltty-udeb
Jan 28 14:10:16 main-menu[315]: INFO: Falling back to the package description for brltty-udeb
Jan 28 14:10:16 main-menu[315]: INFO: Menu item 'load-cdrom' selected
Jan 28 14:10:16 cdrom-retriever: warning: Unable to find contrib/debian-installer/binary-amd64/Packages in /cdrom/dists/bullseye/Release.
Jan 28 14:10:16 cdrom-retriever: warning: Unable to find contrib/debian-installer/binary-amd64/Packages.gz in /cdrom/dists/bullseye/Release.
Jan 28 14:10:16 cdrom-retriever: warning: Unable to find non-free/debian-installer/binary-amd64/Packages in /cdrom/dists/bullseye/Release.
Jan 28 14:10:16 cdrom-retriever: warning: Unable to find non-free/debian-installer/binary-amd64/Packages.gz in /cdrom/dists/bullseye/Release.
Jan 28 14:10:16 anna[3775]: DEBUG: resolver (libsystemd0): package doesn't exist (ignored)
Jan 28 14:10:16 anna[3775]: DEBUG: resolver (libsystemd0): package doesn't exist (ignored)
Jan 28 14:10:16 anna[3775]: DEBUG: retrieving apt-cdrom-setup 1:0.166
Jan 28 14:10:16 anna[3775]: DEBUG: retrieving apt-mirror-setup 1:0.166
Jan 28 14:10:16 anna[3775]: DEBUG: retrieving apt-setup-udeb 1:0.166
Jan 28 14:10:16 anna[3775]: DEBUG: retrieving attr-udeb 1:2.4.48-6
Jan 28 14:10:16 anna[3775]: DEBUG: retrieving libattr1-udeb 1:2.4.48-6
Jan 28 14:10:16 anna[3775]: DEBUG: retrieving base-installer 1.206
Jan 28 14:10:16 anna[3775]: DEBUG: retrieving bootstrap-base 1.206
Jan 28 14:10:16 anna[3775]: DEBUG: retrieving libdns-export1110-udeb 1:9.11.19+dfsg-2.1
Jan 28 14:10:16 anna[3775]: DEBUG: retrieving libirs-export161-udeb 1:9.11.19+dfsg-2.1
Jan 28 14:10:16 anna[3775]: DEBUG: retrieving libisc-export1105-udeb 1:9.11.19+dfsg-2.1
Jan 28 14:10:16 anna[3775]: DEBUG: retrieving libisccfg-export163-udeb 1:9.11.19+dfsg-2.1
Jan 28 14:10:17 anna[3775]: DEBUG: retrieving btrfs-progs-udeb 5.10.1-2
Jan 28 14:10:17 anna[3775]: DEBUG: retrieving choose-mirror-bin 2.111
Jan 28 14:10:17 anna[3775]: DEBUG: retrieving clock-setup 0.155
Jan 28 14:10:17 anna[3775]: DEBUG: retrieving debian-archive-keyring-udeb 2021.1.1+deb11u1
Jan 28 14:10:17 anna[3775]: DEBUG: retrieving di-utils-mapdevfs 1.140
Jan 28 14:10:17 anna[3775]: DEBUG: retrieving debootstrap-udeb 1.0.123+deb11u1
Jan 28 14:10:17 anna[3775]: DEBUG: retrieving dmidecode-udeb 3.3-2
Jan 28 14:10:17 anna[3775]: DEBUG: retrieving dosfstools-udeb 4.2-1
Jan 28 14:10:17 anna[3775]: DEBUG: retrieving e2fsprogs-udeb 1.46.2-2
Jan 28 14:10:17 anna[3775]: DEBUG: retrieving finish-install 2.104
Jan 28 14:10:17 anna[3775]: DEBUG: retrieving fuse-udeb 2.9.9-5
Jan 28 14:10:17 anna[3775]: DEBUG: retrieving libfuse2-udeb 2.9.9-5
Jan 28 14:10:17 anna[3775]: DEBUG: retrieving gpgv-udeb 2.2.27-2+deb11u2
Jan 28 14:10:17 anna[3775]: DEBUG: retrieving grub-installer 1.181
Jan 28 14:10:17 anna[3775]: DEBUG: retrieving grub-mount-udeb 2.06-3~deb11u5
Jan 28 14:10:17 anna[3775]: DEBUG: retrieving disk-detect 1.147
Jan 28 14:10:18 anna[3775]: DEBUG: retrieving ethdetect 1.147
Jan 28 14:10:18 anna[3775]: DEBUG: retrieving isc-dhcp-client-udeb 4.4.1-2.3+deb11u2
Jan 28 14:10:18 anna[3775]: DEBUG: retrieving jfsutils-udeb 1.1.15-5
Jan 28 14:10:18 anna[3775]: DEBUG: retrieving kickseed-common 0.63
Jan 28 14:10:18 anna[3775]: DEBUG: retrieving btrfs-modules-5.10.0-22-amd64-di 5.10.178-3
Jan 28 14:10:18 anna[3775]: DEBUG: retrieving crypto-modules-5.10.0-22-amd64-di 5.10.178-3
Jan 28 14:10:18 anna[3775]: DEBUG: retrieving efi-modules-5.10.0-22-amd64-di 5.10.178-3
Jan 28 14:10:18 anna[3775]: DEBUG: retrieving ext4-modules-5.10.0-22-amd64-di 5.10.178-3
Jan 28 14:10:18 anna[3775]: DEBUG: retrieving jfs-modules-5.10.0-22-amd64-di 5.10.178-3
Jan 28 14:10:18 anna[3775]: DEBUG: retrieving loop-modules-5.10.0-22-amd64-di 5.10.178-3
Jan 28 14:10:18 anna[3775]: DEBUG: retrieving md-modules-5.10.0-22-amd64-di 5.10.178-3
Jan 28 14:10:18 anna[3775]: DEBUG: retrieving mtd-core-modules-5.10.0-22-amd64-di 5.10.178-3
Jan 28 14:10:18 anna[3775]: DEBUG: retrieving nic-modules-5.10.0-22-amd64-di 5.10.178-3
Jan 28 14:10:18 anna[3775]: DEBUG: retrieving nic-pcmcia-modules-5.10.0-22-amd64-di 5.10.178-3
Jan 28 14:10:18 anna[3775]: DEBUG: retrieving nic-shared-modules-5.10.0-22-amd64-di 5.10.178-3
Jan 28 14:10:19 anna[3775]: DEBUG: retrieving nic-usb-modules-5.10.0-22-amd64-di 5.10.178-3
Jan 28 14:10:19 anna[3775]: DEBUG: retrieving nic-wireless-modules-5.10.0-22-amd64-di 5.10.178-3
Jan 28 14:10:19 anna[3775]: DEBUG: retrieving xfs-modules-5.10.0-22-amd64-di 5.10.178-3
Jan 28 14:10:19 anna[3775]: DEBUG: retrieving live-installer 57+b1
Jan 28 14:10:19 anna[3775]: DEBUG: retrieving libdevmapper1.02.1-udeb 2:1.02.175-2.1
Jan 28 14:10:19 anna[3775]: DEBUG: retrieving liblzo2-2-udeb 2.10-2
Jan 28 14:10:19 anna[3775]: DEBUG: retrieving libbsd0-udeb 0.11.3-1
Jan 28 14:10:19 anna[3775]: DEBUG: retrieving libgcrypt20-udeb 1.8.7-6
Jan 28 14:10:19 anna[3775]: DEBUG: retrieving libgpg-error0-udeb 1.38-2
Jan 28 14:10:19 anna[3775]: DEBUG: retrieving libinih1-udeb 53-1+b2
Jan 28 14:10:19 anna[3775]: DEBUG: retrieving libmd0-udeb 1.0.3-3
Jan 28 14:10:19 anna[3775]: DEBUG: retrieving libnl-3-200-udeb 3.4.0-1+b1
Jan 28 14:10:19 anna[3775]: DEBUG: retrieving libnl-genl-3-200-udeb 3.4.0-1+b1
Jan 28 14:10:19 anna[3775]: DEBUG: retrieving libselinux1-udeb 3.1-3
Jan 28 14:10:19 anna[3775]: DEBUG: retrieving libzstd1-udeb 1.4.8+dfsg-2.1
Jan 28 14:10:20 anna[3775]: DEBUG: retrieving mdadm-udeb 4.1-11
Jan 28 14:10:20 anna[3775]: DEBUG: retrieving ndisc6-udeb 1.0.4-2
Jan 28 14:10:20 anna[3775]: DEBUG: retrieving rdnssd-udeb 1.0.4-2
Jan 28 14:10:20 anna[3775]: DEBUG: retrieving netcfg 1.176
Jan 28 14:10:20 anna[3775]: DEBUG: retrieving nobootloader 1.63
Jan 28 14:10:20 anna[3775]: DEBUG: retrieving ntfs-3g-udeb 1:2017.3.23AR.3-4+deb11u3
Jan 28 14:10:20 anna[3775]: DEBUG: retrieving open-iscsi-udeb 2.1.3-5
Jan 28 14:10:20 anna[3775]: DEBUG: retrieving libisns-udeb 0.100-3
Jan 28 14:10:20 anna[3775]: DEBUG: retrieving openmediavault-installer 6.5.0-3
Jan 28 14:10:20 anna[3775]: DEBUG: retrieving os-prober-udeb 1.79
Jan 28 14:10:20 anna[3775]: DEBUG: retrieving libparted-fs-resize0-udeb 3.4-1
Jan 28 14:10:20 anna[3775]: DEBUG: retrieving libparted2-udeb 3.4-1
Jan 28 14:10:20 anna[3775]: DEBUG: retrieving partman-auto-raid 47
Jan 28 14:10:20 anna[3775]: DEBUG: retrieving partman-auto 157
Jan 28 14:10:21 anna[3775]: DEBUG: retrieving partman-base 217
Jan 28 14:10:21 anna[3775]: DEBUG: retrieving partman-utils 217
Jan 28 14:10:21 anna[3775]: DEBUG: retrieving partman-basicfilesystems 156
Jan 28 14:10:21 anna[3775]: DEBUG: retrieving partman-basicmethods 72
Jan 28 14:10:21 anna[3775]: DEBUG: retrieving partman-btrfs 54
Jan 28 14:10:21 anna[3775]: DEBUG: retrieving partman-efi 94
Jan 28 14:10:21 anna[3775]: DEBUG: retrieving partman-ext3 107
Jan 28 14:10:21 anna[3775]: DEBUG: retrieving partman-iscsi 70
Jan 28 14:10:21 anna[3775]: DEBUG: retrieving partman-jfs 61
Jan 28 14:10:22 anna[3775]: DEBUG: retrieving partman-md 100
Jan 28 14:10:22 anna[3775]: DEBUG: retrieving partman-partitioning 140
Jan 28 14:10:22 anna[3775]: DEBUG: retrieving partman-target 122
Jan 28 14:10:22 anna[3775]: DEBUG: retrieving partman-xfs 68
Jan 28 14:10:22 anna[3775]: DEBUG: retrieving libpcre3-udeb 2:8.39-13
Jan 28 14:10:22 anna[3775]: DEBUG: retrieving pkgsel 0.73
Jan 28 14:10:23 anna[3775]: DEBUG: retrieving network-preseed 1.109
Jan 28 14:10:23 anna[3775]: DEBUG: retrieving rdate-udeb 1:1.10-4
Jan 28 14:10:23 anna[3775]: DEBUG: retrieving tzsetup-udeb 1:0.115
Jan 28 14:10:23 anna[3775]: DEBUG: retrieving user-setup-udeb 1.88
Jan 28 14:10:23 anna[3775]: DEBUG: retrieving eject-udeb 2.36.1-8+deb11u1
Jan 28 14:10:23 anna[3775]: DEBUG: retrieving libmount1-udeb 2.36.1-8+deb11u1
Jan 28 14:10:23 anna[3775]: DEBUG: retrieving wide-dhcpv6-client-udeb 20080615-23
Jan 28 14:10:23 anna[3775]: DEBUG: retrieving libiw30-udeb 30~pre9-13.1
Jan 28 14:10:23 anna[3775]: DEBUG: retrieving wpasupplicant-udeb 2:2.9.0-21
Jan 28 14:10:23 anna[3775]: DEBUG: retrieving xfsprogs-udeb 5.10.0-4
Jan 28 14:10:24 main-menu[315]: INFO: Falling back to the package description for brltty-udeb
Jan 28 14:10:24 main-menu[315]: INFO: Falling back to the package description for brltty-udeb
Jan 28 14:10:24 main-menu[315]: INFO: Menu item 'ethdetect' selected
Jan 28 14:10:24 kernel: [   40.672112] pps_core: LinuxPPS API ver. 1 registered
Jan 28 14:10:24 kernel: [   40.672114] pps_core: Software ver. 5.3.6 - Copyright 2005-2007 Rodolfo Giometti <giometti@linux.it>
Jan 28 14:10:24 kernel: [   40.673655] PTP clock support registered
Jan 28 14:10:24 net/hw-detect.hotplug: Detected hotpluggable network interface lo
Jan 28 14:10:24 kernel: [   40.686455] e1000e: Intel(R) PRO/1000 Network Driver
Jan 28 14:10:24 kernel: [   40.686456] e1000e: Copyright(c) 1999 - 2015 Intel Corporation.
Jan 28 14:10:24 kernel: [   40.686475] e1000e 0000:00:1f.6: enabling device (0000 -> 0002)
Jan 28 14:10:24 kernel: [   40.686630] e1000e 0000:00:1f.6: Interrupt Throttling Rate (ints/sec) set to dynamic conservative mode
Jan 28 14:10:24 kernel: [   40.891153] e1000e 0000:00:1f.6 0000:00:1f.6 (uninitialized): registered PHC clock
Jan 28 14:10:24 kernel: [   40.962228] e1000e 0000:00:1f.6 eth0: (PCI Express:2.5GT/s:Width x1) 70:85:c2:49:fd:17
Jan 28 14:10:24 kernel: [   40.962236] e1000e 0000:00:1f.6 eth0: Intel(R) PRO/1000 Network Connection
Jan 28 14:10:24 kernel: [   40.962341] e1000e 0000:00:1f.6 eth0: MAC: 12, PHY: 12, PBA No: FFFFFF-0FF
Jan 28 14:10:24 kernel: [   40.965239] e1000e 0000:00:1f.6 enp0s31f6: renamed from eth0
Jan 28 14:10:24 net/hw-detect.hotplug: Detected hotpluggable network interface enp0s31f6
Jan 28 14:10:26 check-missing-firmware: looking at dmesg for the first time
Jan 28 14:10:26 check-missing-firmware: saving timestamp for a later use: [   40.965239]
Jan 28 14:10:26 check-missing-firmware: no missing firmware in loaded kernel modules
Jan 28 14:10:26 check-missing-firmware: taking network interface -n up/down
Jan 28 14:10:26 check-missing-firmware: taking network interface enp0s31f6 up/down
Jan 28 14:10:26 kernel: [   42.581675] e1000e 0000:00:1f.6 enp0s31f6: NIC Link is Down
Jan 28 14:10:27 check-missing-firmware: looking at dmesg again, restarting from timestamp: [   40.965239]
Jan 28 14:10:27 check-missing-firmware: timestamp found, truncating dmesg accordingly
Jan 28 14:10:27 check-missing-firmware: saving timestamp for a later use: [   42.581675]
Jan 28 14:10:27 check-missing-firmware: no missing firmware in loaded kernel modules
Jan 28 14:10:27 main-menu[315]: (process:5598): ip: SIOCGIFFLAGS: No such device
Jan 28 14:10:27 main-menu[315]: (process:5598): ip: SIOCGIFFLAGS: No such device
Jan 28 14:10:27 main-menu[315]: INFO: Falling back to the package description for brltty-udeb
Jan 28 14:10:27 main-menu[315]: INFO: Falling back to the package description for brltty-udeb
Jan 28 14:10:27 main-menu[315]: INFO: Menu item 'netcfg' selected
Jan 28 14:10:27 netcfg[5858]: INFO: Starting netcfg v.1.176
Jan 28 14:10:27 netcfg[5858]: WARNING **: Couldn't read Wpasupplicant pid file, not trying to kill.
Jan 28 14:10:27 netcfg[5858]: INFO: Could not find valid BOOTIF= entry in /proc/cmdline
Jan 28 14:10:27 netcfg[5858]: INFO: Taking down interface enp0s31f6
Jan 28 14:10:27 netcfg[5858]: INFO: Taking down interface lo
Jan 28 14:10:27 netcfg[5858]: INFO: Activating interface enp0s31f6
Jan 28 14:10:27 netcfg[5858]: DEBUG: State is now 0
Jan 28 14:10:27 netcfg[5858]: DEBUG: Want link on enp0s31f6
Jan 28 14:10:27 netcfg[5858]: INFO: Waiting time set to 3
Jan 28 14:10:28 netcfg[5858]: INFO: ethtool-lite: enp0s31f6: carrier down
Jan 28 14:10:28 netcfg[5858]: INFO: ethtool-lite: enp0s31f6: carrier down
Jan 28 14:10:28 netcfg[5858]: INFO: ethtool-lite: enp0s31f6: carrier down
Jan 28 14:10:28 netcfg[5858]: INFO: ethtool-lite: enp0s31f6: carrier down
Jan 28 14:10:29 netcfg[5858]: INFO: ethtool-lite: enp0s31f6: carrier down
Jan 28 14:10:29 netcfg[5858]: INFO: ethtool-lite: enp0s31f6: carrier down
Jan 28 14:10:29 kernel: [   45.517804] e1000e 0000:00:1f.6 enp0s31f6: NIC Link is Up 100 Mbps Full Duplex, Flow Control: Rx/Tx
Jan 28 14:10:29 kernel: [   45.517810] e1000e 0000:00:1f.6 enp0s31f6: 10/100 speed: disabling TSO
Jan 28 14:10:29 kernel: [   45.517874] IPv6: ADDRCONF(NETDEV_CHANGE): enp0s31f6: link becomes ready
Jan 28 14:10:29 netcfg[5858]: INFO: ethtool-lite: enp0s31f6: carrier up
Jan 28 14:10:29 netcfg[5858]: INFO: Found link on enp0s31f6
Jan 28 14:10:29 netcfg[5858]: DEBUG: Commencing network autoconfiguration on enp0s31f6
Jan 28 14:10:29 netcfg[5858]: DEBUG: rdnssd started; PID: 5868
Jan 28 14:10:29 netcfg[5858]: DEBUG: nc_v6_interface_configured(enp0s31f6, scope local)
Jan 28 14:10:29 netcfg[5858]: DEBUG: Running ip addr show enp0s31f6 to look for address
Jan 28 14:10:29 netcfg[5858]: DEBUG: ip line: 2: enp0s31f6: <BROADCAST,MULTICAST,UP,LOWER_UP> mtu 1500 qdisc pfifo_fast qlen 1000
Jan 28 14:10:29 netcfg[5858]: DEBUG: ip line:     link/ether 70:85:c2:49:fd:17 brd ff:ff:ff:ff:ff:ff
Jan 28 14:10:29 netcfg[5858]: DEBUG: ip line:     inet6 fe80::7285:c2ff:fe49:fd17/64 scope link tentative 
Jan 28 14:10:29 netcfg[5858]: DEBUG: ip line:        valid_lft forever preferred_lft forever
Jan 28 14:10:30 netcfg[5858]: DEBUG: nc_v6_interface_configured(enp0s31f6, scope local)
Jan 28 14:10:30 netcfg[5858]: DEBUG: Running ip addr show enp0s31f6 to look for address
Jan 28 14:10:30 netcfg[5858]: DEBUG: ip line: 2: enp0s31f6: <BROADCAST,MULTICAST,UP,LOWER_UP> mtu 1500 qdisc pfifo_fast qlen 1000
Jan 28 14:10:30 netcfg[5858]: DEBUG: ip line:     link/ether 70:85:c2:49:fd:17 brd ff:ff:ff:ff:ff:ff
Jan 28 14:10:30 netcfg[5858]: DEBUG: ip line:     inet6 fe80::7285:c2ff:fe49:fd17/64 scope link tentative 
Jan 28 14:10:30 netcfg[5858]: DEBUG: ip line:        valid_lft forever preferred_lft forever
Jan 28 14:10:30 netcfg[5858]: DEBUG: nc_v6_interface_configured(enp0s31f6, scope local)
Jan 28 14:10:30 netcfg[5858]: DEBUG: Running ip addr show enp0s31f6 to look for address
Jan 28 14:10:30 netcfg[5858]: DEBUG: ip line: 2: enp0s31f6: <BROADCAST,MULTICAST,UP,LOWER_UP> mtu 1500 qdisc pfifo_fast qlen 1000
Jan 28 14:10:30 netcfg[5858]: DEBUG: ip line:     link/ether 70:85:c2:49:fd:17 brd ff:ff:ff:ff:ff:ff
Jan 28 14:10:30 netcfg[5858]: DEBUG: ip line:     inet6 fe80::7285:c2ff:fe49:fd17/64 scope link tentative 
Jan 28 14:10:30 netcfg[5858]: DEBUG: ip line:        valid_lft forever preferred_lft forever
Jan 28 14:10:30 netcfg[5858]: DEBUG: nc_v6_interface_configured(enp0s31f6, scope local)
Jan 28 14:10:30 netcfg[5858]: DEBUG: Running ip addr show enp0s31f6 to look for address
Jan 28 14:10:30 netcfg[5858]: DEBUG: ip line: 2: enp0s31f6: <BROADCAST,MULTICAST,UP,LOWER_UP> mtu 1500 qdisc pfifo_fast qlen 1000
Jan 28 14:10:30 netcfg[5858]: DEBUG: ip line:     link/ether 70:85:c2:49:fd:17 brd ff:ff:ff:ff:ff:ff
Jan 28 14:10:30 netcfg[5858]: DEBUG: ip line:     inet6 fe80::7285:c2ff:fe49:fd17/64 scope link tentative 
Jan 28 14:10:30 netcfg[5858]: DEBUG: ip line:        valid_lft forever preferred_lft forever
Jan 28 14:10:30 netcfg[5858]: DEBUG: nc_v6_interface_configured(enp0s31f6, scope local)
Jan 28 14:10:30 netcfg[5858]: DEBUG: Running ip addr show enp0s31f6 to look for address
Jan 28 14:10:30 netcfg[5858]: DEBUG: ip line: 2: enp0s31f6: <BROADCAST,MULTICAST,UP,LOWER_UP> mtu 1500 qdisc pfifo_fast qlen 1000
Jan 28 14:10:30 netcfg[5858]: DEBUG: ip line:     link/ether 70:85:c2:49:fd:17 brd ff:ff:ff:ff:ff:ff
Jan 28 14:10:30 netcfg[5858]: DEBUG: ip line:     inet6 2a01:cb10:942:c700:7285:c2ff:fe49:fd17/64 scope global tentative dynamic 
Jan 28 14:10:30 netcfg[5858]: DEBUG: ip line:        valid_lft 86400sec preferred_lft 600sec
Jan 28 14:10:30 netcfg[5858]: DEBUG: ip line:     inet6 fe80::7285:c2ff:fe49:fd17/64 scope link 
Jan 28 14:10:30 netcfg[5858]: DEBUG: Configured address found
Jan 28 14:10:30 netcfg[5858]: DEBUG: ip line:        valid_lft forever preferred_lft forever
Jan 28 14:10:30 netcfg[5858]: DEBUG: Running rdisc6 -1 -r 1 -w 500 -n enp0s31f6 to get IPv6 config flags
Jan 28 14:10:31 netcfg[5858]: DEBUG: rdisc6 line: Soliciting ff02::2 (ff02::2) on enp0s31f6...
Jan 28 14:10:31 netcfg[5858]: DEBUG: rdisc6 line: Timed out.
Jan 28 14:10:31 netcfg[5858]: DEBUG: rdisc6 line: No response.
Jan 28 14:10:31 netcfg[5858]: DEBUG: rdisc6 parsing finished
Jan 28 14:10:32 netcfg[5858]: DEBUG: rdisc6 line: Soliciting ff02::2 (ff02::2) on enp0s31f6...
Jan 28 14:10:32 netcfg[5858]: DEBUG: rdisc6 line: Timed out.
Jan 28 14:10:32 netcfg[5858]: DEBUG: rdisc6 line: No response.
Jan 28 14:10:32 netcfg[5858]: DEBUG: rdisc6 parsing finished
Jan 28 14:10:32 netcfg[5858]: DEBUG: rdisc6 line: Soliciting ff02::2 (ff02::2) on enp0s31f6...
Jan 28 14:10:32 netcfg[5858]: DEBUG: rdisc6 line: Timed out.
Jan 28 14:10:32 netcfg[5858]: DEBUG: rdisc6 line: No response.
Jan 28 14:10:32 netcfg[5858]: DEBUG: rdisc6 parsing finished
Jan 28 14:10:33 netcfg[5858]: DEBUG: rdisc6 line: Soliciting ff02::2 (ff02::2) on enp0s31f6...
Jan 28 14:10:33 netcfg[5858]: DEBUG: rdisc6 line: Timed out.
Jan 28 14:10:33 netcfg[5858]: DEBUG: rdisc6 line: No response.
Jan 28 14:10:33 netcfg[5858]: DEBUG: rdisc6 parsing finished
Jan 28 14:10:33 netcfg[5858]: DEBUG: rdisc6 line: Soliciting ff02::2 (ff02::2) on enp0s31f6...
Jan 28 14:10:33 netcfg[5858]: DEBUG: rdisc6 line: Timed out.
Jan 28 14:10:33 netcfg[5858]: DEBUG: rdisc6 line: No response.
Jan 28 14:10:33 netcfg[5858]: DEBUG: rdisc6 parsing finished
Jan 28 14:10:34 netcfg[5858]: DEBUG: rdisc6 line: Soliciting ff02::2 (ff02::2) on enp0s31f6...
Jan 28 14:10:34 netcfg[5858]: DEBUG: rdisc6 line: Timed out.
Jan 28 14:10:34 netcfg[5858]: DEBUG: rdisc6 line: No response.
Jan 28 14:10:34 netcfg[5858]: DEBUG: rdisc6 parsing finished
Jan 28 14:10:34 netcfg[5858]: DEBUG: rdisc6 line: Soliciting ff02::2 (ff02::2) on enp0s31f6...
Jan 28 14:10:34 netcfg[5858]: DEBUG: rdisc6 line: 
Jan 28 14:10:34 netcfg[5858]: DEBUG: rdisc6 line: Hop limit                 :           64 (      0x40)
Jan 28 14:10:34 netcfg[5858]: DEBUG: rdisc6 line: Stateful address conf.    :           No
Jan 28 14:10:34 netcfg[5858]: DEBUG: Got stateful address line
Jan 28 14:10:34 netcfg[5858]: DEBUG: stateful=0
Jan 28 14:10:34 netcfg[5858]: DEBUG: rdisc6 line: Stateful other conf.      :          Yes
Jan 28 14:10:34 netcfg[5858]: DEBUG: stateless=1
Jan 28 14:10:34 netcfg[5858]: DEBUG: rdisc6 line: Mobile home agent         :           No
Jan 28 14:10:34 netcfg[5858]: DEBUG: rdisc6 line: Router preference         :         high
Jan 28 14:10:34 netcfg[5858]: DEBUG: rdisc6 line: Neighbor discovery proxy  :           No
Jan 28 14:10:34 netcfg[5858]: DEBUG: rdisc6 line: Router lifetime           :          600 (0x00000258) seconds
Jan 28 14:10:34 netcfg[5858]: DEBUG: rdisc6 line: Reachable time            :  unspecified (0x00000000)
Jan 28 14:10:34 netcfg[5858]: DEBUG: rdisc6 line: Retransmit time           :  unspecified (0x00000000)
Jan 28 14:10:34 netcfg[5858]: DEBUG: rdisc6 line:  Prefix                   : 2a01:cb10:942:c700::/64
Jan 28 14:10:34 netcfg[5858]: DEBUG: rdisc6 line:   On-link                 :          Yes
Jan 28 14:10:34 netcfg[5858]: DEBUG: rdisc6 line:   Autonomous address conf.:          Yes
Jan 28 14:10:34 netcfg[5858]: DEBUG: rdisc6 line:   Valid time              :        86400 (0x00015180) seconds
Jan 28 14:10:34 netcfg[5858]: DEBUG: rdisc6 line:   Pref. time              :          600 (0x00000258) seconds
Jan 28 14:10:34 netcfg[5858]: DEBUG: rdisc6 line:  Recursive DNS server     : 2a01:cb10:942:c700:46a6:1eff:feee:1850
Jan 28 14:10:34 netcfg[5858]: DEBUG: rdisc6 line:   DNS server lifetime     :          600 (0x00000258) seconds
Jan 28 14:10:34 netcfg[5858]: DEBUG: rdisc6 line:  DNS search list          : home 
Jan 28 14:10:34 netcfg[5858]: DEBUG: rdisc6 line:   DNS search list lifetime:          600 (0x00000258) seconds
Jan 28 14:10:34 netcfg[5858]: DEBUG: rdisc6 line:  MTU                      :         1500 bytes (valid)
Jan 28 14:10:34 netcfg[5858]: DEBUG: rdisc6 line:  Source link-layer address: 44:A6:1E:EE:18:50
Jan 28 14:10:34 netcfg[5858]: DEBUG: rdisc6 line:  from fe80::46a6:1eff:feee:1850
Jan 28 14:10:34 netcfg[5858]: DEBUG: rdisc6 parsing finished
Jan 28 14:10:34 netcfg[5858]: DEBUG: Reading nameservers from /tmp/rdnssd_resolv
Jan 28 14:10:34 netcfg[5858]: DEBUG: Read nameserver 2a01:cb10:942:c700:46a6:1eff:feee:1850
Jan 28 14:10:34 netcfg[5858]: DEBUG: Not queueing rdnssd installation to make sure not to interfere with network-manager
Jan 28 14:10:34 netcfg[5858]: DEBUG: Stopping rdnssd, PID 5868
Jan 28 14:10:34 netcfg[5858]: DEBUG: IPv6 found
Jan 28 14:10:34 netcfg[5858]: DEBUG: IPv6 stateless autoconfig requested
Jan 28 14:10:34 netcfg[5858]: DEBUG: nc_v6_interface_configured(enp0s31f6, scope global)
Jan 28 14:10:34 netcfg[5858]: DEBUG: Running ip addr show enp0s31f6 to look for address
Jan 28 14:10:34 netcfg[5858]: DEBUG: ip line: 2: enp0s31f6: <BROADCAST,MULTICAST,UP,LOWER_UP> mtu 1500 qdisc pfifo_fast qlen 1000
Jan 28 14:10:34 netcfg[5858]: DEBUG: ip line:     link/ether 70:85:c2:49:fd:17 brd ff:ff:ff:ff:ff:ff
Jan 28 14:10:34 netcfg[5858]: DEBUG: ip line:     inet6 2a01:cb10:942:c700:7285:c2ff:fe49:fd17/64 scope global dynamic 
